Archive member included to satisfy reference by file (symbol)

c:/myfile/project/clion/gcc-arm-none-eabi-10.3-2021.10-win32/gcc-arm-none-eabi-10.3-2021.10/bin/../lib/gcc/arm-none-eabi/10.3.1/thumb/v7e-m/nofp\libgcc.a(_aeabi_uldivmod.o)
                              CMakeFiles/usb_xbox.elf.dir/Drivers/STM32F4xx_HAL_Driver/Src/stm32f4xx_hal_rcc.c.obj (__aeabi_uldivmod)
c:/myfile/project/clion/gcc-arm-none-eabi-10.3-2021.10-win32/gcc-arm-none-eabi-10.3-2021.10/bin/../lib/gcc/arm-none-eabi/10.3.1/thumb/v7e-m/nofp\libgcc.a(_udivmoddi4.o)
                              c:/myfile/project/clion/gcc-arm-none-eabi-10.3-2021.10-win32/gcc-arm-none-eabi-10.3-2021.10/bin/../lib/gcc/arm-none-eabi/10.3.1/thumb/v7e-m/nofp\libgcc.a(_aeabi_uldivmod.o) (__udivmoddi4)
c:/myfile/project/clion/gcc-arm-none-eabi-10.3-2021.10-win32/gcc-arm-none-eabi-10.3-2021.10/bin/../lib/gcc/arm-none-eabi/10.3.1/thumb/v7e-m/nofp\libgcc.a(_dvmd_tls.o)
                              c:/myfile/project/clion/gcc-arm-none-eabi-10.3-2021.10-win32/gcc-arm-none-eabi-10.3-2021.10/bin/../lib/gcc/arm-none-eabi/10.3.1/thumb/v7e-m/nofp\libgcc.a(_aeabi_uldivmod.o) (__aeabi_ldiv0)
c:/myfile/project/clion/gcc-arm-none-eabi-10.3-2021.10-win32/gcc-arm-none-eabi-10.3-2021.10/bin/../lib/gcc/arm-none-eabi/10.3.1/../../../../arm-none-eabi/lib/thumb/v7e-m/nofp\libc.a(lib_a-errno.o)
                              CMakeFiles/usb_xbox.elf.dir/Core/Src/syscalls.c.obj (__errno)
c:/myfile/project/clion/gcc-arm-none-eabi-10.3-2021.10-win32/gcc-arm-none-eabi-10.3-2021.10/bin/../lib/gcc/arm-none-eabi/10.3.1/../../../../arm-none-eabi/lib/thumb/v7e-m/nofp\libc.a(lib_a-exit.o)
                              c:/myfile/project/clion/gcc-arm-none-eabi-10.3-2021.10-win32/gcc-arm-none-eabi-10.3-2021.10/bin/../lib/gcc/arm-none-eabi/10.3.1/../../../../arm-none-eabi/lib/thumb/v7e-m/nofp/crt0.o (exit)
c:/myfile/project/clion/gcc-arm-none-eabi-10.3-2021.10-win32/gcc-arm-none-eabi-10.3-2021.10/bin/../lib/gcc/arm-none-eabi/10.3.1/../../../../arm-none-eabi/lib/thumb/v7e-m/nofp\libc.a(lib_a-impure.o)
                              c:/myfile/project/clion/gcc-arm-none-eabi-10.3-2021.10-win32/gcc-arm-none-eabi-10.3-2021.10/bin/../lib/gcc/arm-none-eabi/10.3.1/../../../../arm-none-eabi/lib/thumb/v7e-m/nofp\libc.a(lib_a-exit.o) (_global_impure_ptr)
c:/myfile/project/clion/gcc-arm-none-eabi-10.3-2021.10-win32/gcc-arm-none-eabi-10.3-2021.10/bin/../lib/gcc/arm-none-eabi/10.3.1/../../../../arm-none-eabi/lib/thumb/v7e-m/nofp\libc.a(lib_a-init.o)
                              c:/myfile/project/clion/gcc-arm-none-eabi-10.3-2021.10-win32/gcc-arm-none-eabi-10.3-2021.10/bin/../lib/gcc/arm-none-eabi/10.3.1/../../../../arm-none-eabi/lib/thumb/v7e-m/nofp/crt0.o (__libc_init_array)
c:/myfile/project/clion/gcc-arm-none-eabi-10.3-2021.10-win32/gcc-arm-none-eabi-10.3-2021.10/bin/../lib/gcc/arm-none-eabi/10.3.1/../../../../arm-none-eabi/lib/thumb/v7e-m/nofp\libc.a(lib_a-malloc.o)
                              CMakeFiles/usb_xbox.elf.dir/Middlewares/ST/STM32_USB_Host_Library/Class/AUDIO/Src/usbh_audio.c.obj (malloc)
c:/myfile/project/clion/gcc-arm-none-eabi-10.3-2021.10-win32/gcc-arm-none-eabi-10.3-2021.10/bin/../lib/gcc/arm-none-eabi/10.3.1/../../../../arm-none-eabi/lib/thumb/v7e-m/nofp\libc.a(lib_a-mallocr.o)
                              c:/myfile/project/clion/gcc-arm-none-eabi-10.3-2021.10-win32/gcc-arm-none-eabi-10.3-2021.10/bin/../lib/gcc/arm-none-eabi/10.3.1/../../../../arm-none-eabi/lib/thumb/v7e-m/nofp\libc.a(lib_a-malloc.o) (_malloc_r)
c:/myfile/project/clion/gcc-arm-none-eabi-10.3-2021.10-win32/gcc-arm-none-eabi-10.3-2021.10/bin/../lib/gcc/arm-none-eabi/10.3.1/../../../../arm-none-eabi/lib/thumb/v7e-m/nofp\libc.a(lib_a-memcpy.o)
                              CMakeFiles/usb_xbox.elf.dir/Middlewares/ST/STM32_USB_Host_Library/Class/MTP/Src/usbh_mtp.c.obj (memcpy)
c:/myfile/project/clion/gcc-arm-none-eabi-10.3-2021.10-win32/gcc-arm-none-eabi-10.3-2021.10/bin/../lib/gcc/arm-none-eabi/10.3.1/../../../../arm-none-eabi/lib/thumb/v7e-m/nofp\libc.a(lib_a-memset.o)
                              c:/myfile/project/clion/gcc-arm-none-eabi-10.3-2021.10-win32/gcc-arm-none-eabi-10.3-2021.10/bin/../lib/gcc/arm-none-eabi/10.3.1/../../../../arm-none-eabi/lib/thumb/v7e-m/nofp/crt0.o (memset)
c:/myfile/project/clion/gcc-arm-none-eabi-10.3-2021.10-win32/gcc-arm-none-eabi-10.3-2021.10/bin/../lib/gcc/arm-none-eabi/10.3.1/../../../../arm-none-eabi/lib/thumb/v7e-m/nofp\libc.a(lib_a-mlock.o)
                              c:/myfile/project/clion/gcc-arm-none-eabi-10.3-2021.10-win32/gcc-arm-none-eabi-10.3-2021.10/bin/../lib/gcc/arm-none-eabi/10.3.1/../../../../arm-none-eabi/lib/thumb/v7e-m/nofp\libc.a(lib_a-mallocr.o) (__malloc_lock)
c:/myfile/project/clion/gcc-arm-none-eabi-10.3-2021.10-win32/gcc-arm-none-eabi-10.3-2021.10/bin/../lib/gcc/arm-none-eabi/10.3.1/../../../../arm-none-eabi/lib/thumb/v7e-m/nofp\libc.a(lib_a-printf.o)
                              CMakeFiles/usb_xbox.elf.dir/Core/Src/main.c.obj (printf)
[...]
Memory Configuration

Name             Origin             Length             Attributes
RAM              0x20000000         0x00010000         xrw
FLASH            0x08000000         0x00040000         xr
*default*        0x00000000         0xffffffff

Linker script and memory map

LOAD c:/myfile/project/clion/gcc-arm-none-eabi-10.3-2021.10-win32/gcc-arm-none-eabi-10.3-2021.10/bin/../lib/gcc/arm-none-eabi/10.3.1/thumb/v7e-m/nofp/crti.o
LOAD c:/myfile/project/clion/gcc-arm-none-eabi-10.3-2021.10-win32/gcc-arm-none-eabi-10.3-2021.10/bin/../lib/gcc/arm-none-eabi/10.3.1/thumb/v7e-m/nofp/crtbegin.o
LOAD c:/myfile/project/clion/gcc-arm-none-eabi-10.3-2021.10-win32/gcc-arm-none-eabi-10.3-2021.10/bin/../lib/gcc/arm-none-eabi/10.3.1/../../../../arm-none-eabi/lib/thumb/v7e-m/nofp/crt0.o
LOAD CMakeFiles/usb_xbox.elf.dir/Core/Src/adc.c.obj
LOAD CMakeFiles/usb_xbox.elf.dir/Core/Src/dma.c.obj
LOAD CMakeFiles/usb_xbox.elf.dir/Core/Src/gpio.c.obj
LOAD CMakeFiles/usb_xbox.elf.dir/Core/Src/main.c.obj
LOAD CMakeFiles/usb_xbox.elf.dir/Core/Src/stm32f4xx_hal_msp.c.obj
LOAD CMakeFiles/usb_xbox.elf.dir/Core/Src/stm32f4xx_it.c.obj
LOAD CMakeFiles/usb_xbox.elf.dir/Core/Src/syscalls.c.obj
LOAD CMakeFiles/usb_xbox.elf.dir/Core/Src/sysmem.c.obj
LOAD CMakeFiles/usb_xbox.elf.dir/Core/Src/system_stm32f4xx.c.obj
LOAD CMakeFiles/usb_xbox.elf.dir/Core/Src/tim.c.obj
LOAD CMakeFiles/usb_xbox.elf.dir/Core/Src/usart.c.obj
LOAD CMakeFiles/usb_xbox.elf.dir/Core/Startup/startup_stm32f401ccux.s.obj
LOAD CMakeFiles/usb_xbox.elf.dir/Drivers/STM32F4xx_HAL_Driver/Src/stm32f4xx_hal.c.obj
LOAD CMakeFiles/usb_xbox.elf.dir/Drivers/STM32F4xx_HAL_Driver/Src/stm32f4xx_hal_adc.c.obj
LOAD CMakeFiles/usb_xbox.elf.dir/Drivers/STM32F4xx_HAL_Driver/Src/stm32f4xx_hal_adc_ex.c.obj
LOAD CMakeFiles/usb_xbox.elf.dir/Drivers/STM32F4xx_HAL_Driver/Src/stm32f4xx_hal_cortex.c.obj
LOAD CMakeFiles/usb_xbox.elf.dir/Drivers/STM32F4xx_HAL_Driver/Src/stm32f4xx_hal_dma.c.obj
LOAD CMakeFiles/usb_xbox.elf.dir/Drivers/STM32F4xx_HAL_Driver/Src/stm32f4xx_hal_dma_ex.c.obj
LOAD CMakeFiles/usb_xbox.elf.dir/Drivers/STM32F4xx_HAL_Driver/Src/stm32f4xx_hal_exti.c.obj
LOAD CMakeFiles/usb_xbox.elf.dir/Drivers/STM32F4xx_HAL_Driver/Src/stm32f4xx_hal_flash.c.obj
LOAD CMakeFiles/usb_xbox.elf.dir/Drivers/STM32F4xx_HAL_Driver/Src/stm32f4xx_hal_flash_ex.c.obj
LOAD CMakeFiles/usb_xbox.elf.dir/Drivers/STM32F4xx_HAL_Driver/Src/stm32f4xx_hal_flash_ramfunc.c.obj
LOAD CMakeFiles/usb_xbox.elf.dir/Drivers/STM32F4xx_HAL_Driver/Src/stm32f4xx_hal_gpio.c.obj
LOAD CMakeFiles/usb_xbox.elf.dir/Drivers/STM32F4xx_HAL_Driver/Src/stm32f4xx_hal_hcd.c.obj
LOAD CMakeFiles/usb_xbox.elf.dir/Drivers/STM32F4xx_HAL_Driver/Src/stm32f4xx_hal_pwr.c.obj
LOAD CMakeFiles/usb_xbox.elf.dir/Drivers/STM32F4xx_HAL_Driver/Src/stm32f4xx_hal_pwr_ex.c.obj
LOAD CMakeFiles/usb_xbox.elf.dir/Drivers/STM32F4xx_HAL_Driver/Src/stm32f4xx_hal_rcc.c.obj
LOAD CMakeFiles/usb_xbox.elf.dir/Drivers/STM32F4xx_HAL_Driver/Src/stm32f4xx_hal_rcc_ex.c.obj
LOAD CMakeFiles/usb_xbox.elf.dir/Drivers/STM32F4xx_HAL_Driver/Src/stm32f4xx_hal_tim.c.obj
LOAD CMakeFiles/usb_xbox.elf.dir/Drivers/STM32F4xx_HAL_Driver/Src/stm32f4xx_hal_tim_ex.c.obj
LOAD CMakeFiles/usb_xbox.elf.dir/Drivers/STM32F4xx_HAL_Driver/Src/stm32f4xx_hal_uart.c.obj
LOAD CMakeFiles/usb_xbox.elf.dir/Drivers/STM32F4xx_HAL_Driver/Src/stm32f4xx_ll_adc.c.obj
LOAD CMakeFiles/usb_xbox.elf.dir/Drivers/STM32F4xx_HAL_Driver/Src/stm32f4xx_ll_usb.c.obj
LOAD CMakeFiles/usb_xbox.elf.dir/Middlewares/ST/STM32_USB_Host_Library/Class/AUDIO/Src/usbh_audio.c.obj
LOAD CMakeFiles/usb_xbox.elf.dir/Middlewares/ST/STM32_USB_Host_Library/Class/CDC/Src/usbh_cdc.c.obj
LOAD CMakeFiles/usb_xbox.elf.dir/Middlewares/ST/STM32_USB_Host_Library/Class/HID/Src/usbh_hid.c.obj
LOAD CMakeFiles/usb_xbox.elf.dir/Middlewares/ST/STM32_USB_Host_Library/Class/HID/Src/usbh_hid_keybd.c.obj
LOAD CMakeFiles/usb_xbox.elf.dir/Middlewares/ST/STM32_USB_Host_Library/Class/HID/Src/usbh_hid_mouse.c.obj
LOAD CMakeFiles/usb_xbox.elf.dir/Middlewares/ST/STM32_USB_Host_Library/Class/HID/Src/usbh_hid_parser.c.obj
LOAD CMakeFiles/usb_xbox.elf.dir/Middlewares/ST/STM32_USB_Host_Library/Class/MSC/Src/usbh_msc.c.obj
LOAD CMakeFiles/usb_xbox.elf.dir/Middlewares/ST/STM32_USB_Host_Library/Class/MSC/Src/usbh_msc_bot.c.obj
LOAD CMakeFiles/usb_xbox.elf.dir/Middlewares/ST/STM32_USB_Host_Library/Class/MSC/Src/usbh_msc_scsi.c.obj
LOAD CMakeFiles/usb_xbox.elf.dir/Middlewares/ST/STM32_USB_Host_Library/Class/MTP/Src/usbh_mtp.c.obj
LOAD CMakeFiles/usb_xbox.elf.dir/Middlewares/ST/STM32_USB_Host_Library/Class/MTP/Src/usbh_mtp_ptp.c.obj
LOAD CMakeFiles/usb_xbox.elf.dir/Middlewares/ST/STM32_USB_Host_Library/Core/Src/usbh_core.c.obj
LOAD CMakeFiles/usb_xbox.elf.dir/Middlewares/ST/STM32_USB_Host_Library/Core/Src/usbh_ctlreq.c.obj
LOAD CMakeFiles/usb_xbox.elf.dir/Middlewares/ST/STM32_USB_Host_Library/Core/Src/usbh_ioreq.c.obj
LOAD CMakeFiles/usb_xbox.elf.dir/Middlewares/ST/STM32_USB_Host_Library/Core/Src/usbh_pipes.c.obj
LOAD CMakeFiles/usb_xbox.elf.dir/USB_HOST/App/usb_host.c.obj
LOAD CMakeFiles/usb_xbox.elf.dir/USB_HOST/Target/usbh_conf.c.obj
START GROUP
LOAD c:/myfile/project/clion/gcc-arm-none-eabi-10.3-2021.10-win32/gcc-arm-none-eabi-10.3-2021.10/bin/../lib/gcc/arm-none-eabi/10.3.1/thumb/v7e-m/nofp\libgcc.a
LOAD c:/myfile/project/clion/gcc-arm-none-eabi-10.3-2021.10-win32/gcc-arm-none-eabi-10.3-2021.10/bin/../lib/gcc/arm-none-eabi/10.3.1/../../../../arm-none-eabi/lib/thumb/v7e-m/nofp\libc.a
END GROUP
LOAD c:/myfile/project/clion/gcc-arm-none-eabi-10.3-2021.10-win32/gcc-arm-none-eabi-10.3-2021.10/bin/../lib/gcc/arm-none-eabi/10.3.1/thumb/v7e-m/nofp/crtend.o
LOAD c:/myfile/project/clion/gcc-arm-none-eabi-10.3-2021.10-win32/gcc-arm-none-eabi-10.3-2021.10/bin/../lib/gcc/arm-none-eabi/10.3.1/thumb/v7e-m/nofp/crtn.o
                0x20010000                _estack = (ORIGIN (RAM) + LENGTH (RAM))
                0x00000200                _Min_Heap_Size = 0x200
                0x00000400                _Min_Stack_Size = 0x400

.isr_vector     0x08000000      0x194
                0x08000000                . = ALIGN (0x4)
 *(.isr_vector)
 .isr_vector    0x08000000      0x194 CMakeFiles/usb_xbox.elf.dir/Core/Startup/startup_stm32f401ccux.s.obj
                0x08000000                g_pfnVectors
                0x08000194                . = ALIGN (0x4)

.text           0x080001c0     0xee50
                0x080001c0                . = ALIGN (0x4)
 *(.text)
 .text          0x080001c0       0x40 c:/myfile/project/clion/gcc-arm-none-eabi-10.3-2021.10-win32/gcc-arm-none-eabi-10.3-2021.10/bin/../lib/gcc/arm-none-eabi/10.3.1/thumb/v7e-m/nofp/crtbegin.o
 .text          0x08000200       0x30 c:/myfile/project/clion/gcc-arm-none-eabi-10.3-2021.10-win32/gcc-arm-none-eabi-10.3-2021.10/bin/../lib/gcc/arm-none-eabi/10.3.1/thumb/v7e-m/nofp\libgcc.a(_aeabi_uldivmod.o)
                0x08000200                __aeabi_uldivmod
 .text          0x08000230      0x2d0 c:/myfile/project/clion/gcc-arm-none-eabi-10.3-2021.10-win32/gcc-arm-none-eabi-10.3-2021.10/bin/../lib/gcc/arm-none-eabi/10.3.1/thumb/v7e-m/nofp\libgcc.a(_udivmoddi4.o)
                0x08000230                __udivmoddi4
 .text          0x08000500        0x4 c:/myfile/project/clion/gcc-arm-none-eabi-10.3-2021.10-win32/gcc-arm-none-eabi-10.3-2021.10/bin/../lib/gcc/arm-none-eabi/10.3.1/thumb/v7e-m/nofp\libgcc.a(_dvmd_tls.o)
                0x08000500                __aeabi_idiv0
                0x08000500                __aeabi_ldiv0
 .text          0x08000504      0x134 c:/myfile/project/clion/gcc-arm-none-eabi-10.3-2021.10-win32/gcc-arm-none-eabi-10.3-2021.10/bin/../lib/gcc/arm-none-eabi/10.3.1/../../../../arm-none-eabi/lib/thumb/v7e-m/nofp\libc.a(lib_a-memcpy.o)
                0x08000504                memcpy
 *fill*         0x08000638        0x8 
 .text          0x08000640       0xdc c:/myfile/project/clion/gcc-arm-none-eabi-10.3-2021.10-win32/gcc-arm-none-eabi-10.3-2021.10/bin/../lib/gcc/arm-none-eabi/10.3.1/../../../../arm-none-eabi/lib/thumb/v7e-m/nofp\libc.a(lib_a-strlen.o)
                0x08000640                strlen
 *fill*         0x0800071c        0x4 
 .text          0x08000720       0xa0 c:/myfile/project/clion/gcc-arm-none-eabi-10.3-2021.10-win32/gcc-arm-none-eabi-10.3-2021.10/bin/../lib/gcc/arm-none-eabi/10.3.1/../../../../arm-none-eabi/lib/thumb/v7e-m/nofp\libc.a(lib_a-memchr.o)
                0x08000720                memchr
 .text          0x080007c0      0x378 c:/myfile/project/clion/gcc-arm-none-eabi-10.3-2021.10-win32/gcc-arm-none-eabi-10.3-2021.10/bin/../lib/gcc/arm-none-eabi/10.3.1/thumb/v7e-m/nofp\libgcc.a(_arm_addsubdf3.o)
                0x080007c0                __aeabi_drsub
                0x080007c8                __aeabi_dsub
                0x080007c8                __subdf3
                0x080007cc                __aeabi_dadd
                0x080007cc                __adddf3
                0x08000a44                __floatunsidf
                0x08000a44                __aeabi_ui2d
                0x08000a64                __floatsidf
                0x08000a64                __aeabi_i2d
                0x08000a88                __aeabi_f2d
                0x08000a88                __extendsfdf2
                0x08000acc                __floatundidf
                0x08000acc                __aeabi_ul2d
                0x08000adc                __floatdidf
                0x08000adc                __aeabi_l2d
 .text          0x08000b38      0x424 c:/myfile/project/clion/gcc-arm-none-eabi-10.3-2021.10-win32/gcc-arm-none-eabi-10.3-2021.10/bin/../lib/gcc/arm-none-eabi/10.3.1/thumb/v7e-m/nofp\libgcc.a(_arm_muldivdf3.o)
                0x08000b38                __aeabi_dmul
                0x08000b38                __muldf3
                0x08000d8c                __divdf3
                0x08000d8c                __aeabi_ddiv
 .text          0x08000f5c      0x110 c:/myfile/project/clion/gcc-arm-none-eabi-10.3-2021.10-win32/gcc-arm-none-eabi-10.3-2021.10/bin/../lib/gcc/arm-none-eabi/10.3.1/thumb/v7e-m/nofp\libgcc.a(_arm_cmpdf2.o)
                0x08000f5c                __gtdf2
                0x08000f5c                __gedf2
                0x08000f64                __ltdf2
                0x08000f64                __ledf2
                0x08000f6c                __nedf2
                0x08000f6c                __eqdf2
                0x08000f6c                __cmpdf2
                0x08000fe8                __aeabi_cdrcmple
                0x08000ff8                __aeabi_cdcmpeq
                0x08000ff8                __aeabi_cdcmple
                0x08001008                __aeabi_dcmpeq
                0x0800101c                __aeabi_dcmplt
                0x08001030                __aeabi_dcmple
                0x08001044                __aeabi_dcmpge
                0x08001058                __aeabi_dcmpgt
 .text          0x0800106c       0x2c c:/myfile/project/clion/gcc-arm-none-eabi-10.3-2021.10-win32/gcc-arm-none-eabi-10.3-2021.10/bin/../lib/gcc/arm-none-eabi/10.3.1/thumb/v7e-m/nofp\libgcc.a(_arm_unorddf2.o)
                0x0800106c                __unorddf2
                0x0800106c                __aeabi_dcmpun
 .text          0x08001098       0x50 c:/myfile/project/clion/gcc-arm-none-eabi-10.3-2021.10-win32/gcc-arm-none-eabi-10.3-2021.10/bin/../lib/gcc/arm-none-eabi/10.3.1/thumb/v7e-m/nofp\libgcc.a(_arm_fixdfsi.o)
                0x08001098                __aeabi_d2iz
                0x08001098                __fixdfsi
 *(.text*)
 .text.MX_ADC1_Init
                0x080010e8       0x90 CMakeFiles/usb_xbox.elf.dir/Core/Src/adc.c.obj
                0x080010e8                MX_ADC1_Init
 .text.HAL_ADC_MspInit
                0x08001178       0xa8 CMakeFiles/usb_xbox.elf.dir/Core/Src/adc.c.obj
                0x08001178                HAL_ADC_MspInit
 .text.MX_DMA_Init
                0x08001220       0x34 CMakeFiles/usb_xbox.elf.dir/Core/Src/dma.c.obj
                0x08001220                MX_DMA_Init
 .text.MX_GPIO_Init
                0x08001254       0x8c CMakeFiles/usb_xbox.elf.dir/Core/Src/gpio.c.obj
                0x08001254                MX_GPIO_Init
 .text.__io_putchar
                0x080012e0       0x18 CMakeFiles/usb_xbox.elf.dir/Core/Src/main.c.obj
                0x080012e0                __io_putchar
 .text.USBH_HID_EventCallback
                0x080012f8       0x14 CMakeFiles/usb_xbox.elf.dir/Core/Src/main.c.obj
                0x080012f8                USBH_HID_EventCallback
 .text.Error_Handler
                0x0800130c        0x4 CMakeFiles/usb_xbox.elf.dir/Core/Src/main.c.obj
                0x0800130c                Error_Handler
 .text.SystemClock_Config
                0x08001310       0xac CMakeFiles/usb_xbox.elf.dir/Core/Src/main.c.obj
                0x08001310                SystemClock_Config
 .text.main     0x080013bc       0x4c CMakeFiles/usb_xbox.elf.dir/Core/Src/main.c.obj
                0x080013bc                main
 .text.HAL_MspInit
                0x08001408       0x50 CMakeFiles/usb_xbox.elf.dir/Core/Src/stm32f4xx_hal_msp.c.obj
                0x08001408                HAL_MspInit
 .text.NMI_Handler
                0x08001458        0x2 CMakeFiles/usb_xbox.elf.dir/Core/Src/stm32f4xx_it.c.obj
                0x08001458                NMI_Handler
 .text.HardFault_Handler
                0x0800145a        0x2 CMakeFiles/usb_xbox.elf.dir/Core/Src/stm32f4xx_it.c.obj
                0x0800145a                HardFault_Handler
 .text.MemManage_Handler
                0x0800145c        0x2 CMakeFiles/usb_xbox.elf.dir/Core/Src/stm32f4xx_it.c.obj
                0x0800145c                MemManage_Handler
 .text.BusFault_Handler
                0x0800145e        0x2 CMakeFiles/usb_xbox.elf.dir/Core/Src/stm32f4xx_it.c.obj
                0x0800145e                BusFault_Handler
 .text.UsageFault_Handler
                0x08001460        0x2 CMakeFiles/usb_xbox.elf.dir/Core/Src/stm32f4xx_it.c.obj
                0x08001460                UsageFault_Handler
 .text.SVC_Handler
                0x08001462        0x2 CMakeFiles/usb_xbox.elf.dir/Core/Src/stm32f4xx_it.c.obj
                0x08001462                SVC_Handler
 .text.DebugMon_Handler
                0x08001464        0x2 CMakeFiles/usb_xbox.elf.dir/Core/Src/stm32f4xx_it.c.obj
                0x08001464                DebugMon_Handler
 .text.PendSV_Handler
                0x08001466        0x2 CMakeFiles/usb_xbox.elf.dir/Core/Src/stm32f4xx_it.c.obj
                0x08001466                PendSV_Handler
 .text.SysTick_Handler
                0x08001468        0x8 CMakeFiles/usb_xbox.elf.dir/Core/Src/stm32f4xx_it.c.obj
                0x08001468                SysTick_Handler
 .text.TIM1_TRG_COM_TIM11_IRQHandler
                0x08001470       0x10 CMakeFiles/usb_xbox.elf.dir/Core/Src/stm32f4xx_it.c.obj
                0x08001470                TIM1_TRG_COM_TIM11_IRQHandler
 .text.DMA2_Stream0_IRQHandler
                0x08001480       0x10 CMakeFiles/usb_xbox.elf.dir/Core/Src/stm32f4xx_it.c.obj
                0x08001480                DMA2_Stream0_IRQHandler
 .text.OTG_FS_IRQHandler
                0x08001490       0x10 CMakeFiles/usb_xbox.elf.dir/Core/Src/stm32f4xx_it.c.obj
                0x08001490                OTG_FS_IRQHandler
 .text.FPU_IRQHandler
                0x080014a0        0x2 CMakeFiles/usb_xbox.elf.dir/Core/Src/stm32f4xx_it.c.obj
                0x080014a0                FPU_IRQHandler
 .text._getpid  0x080014a2        0x4 CMakeFiles/usb_xbox.elf.dir/Core/Src/syscalls.c.obj
                0x080014a2                _getpid
 .text._kill    0x080014a6       0x10 CMakeFiles/usb_xbox.elf.dir/Core/Src/syscalls.c.obj
                0x080014a6                _kill
 .text._exit    0x080014b6        0xc CMakeFiles/usb_xbox.elf.dir/Core/Src/syscalls.c.obj
                0x080014b6                _exit
 .text._read    0x080014c2       0x20 CMakeFiles/usb_xbox.elf.dir/Core/Src/syscalls.c.obj
                0x080014c2                _read
 .text._write   0x080014e2       0x1c CMakeFiles/usb_xbox.elf.dir/Core/Src/syscalls.c.obj
                0x080014e2                _write
 .text._close   0x080014fe        0x6 CMakeFiles/usb_xbox.elf.dir/Core/Src/syscalls.c.obj
                0x080014fe                _close
 .text._fstat   0x08001504        0xa CMakeFiles/usb_xbox.elf.dir/Core/Src/syscalls.c.obj
                0x08001504                _fstat
 .text._isatty  0x0800150e        0x4 CMakeFiles/usb_xbox.elf.dir/Core/Src/syscalls.c.obj
                0x0800150e                _isatty
 .text._lseek   0x08001512        0x4 CMakeFiles/usb_xbox.elf.dir/Core/Src/syscalls.c.obj
                0x08001512                _lseek
 *fill*         0x08001516        0x2 
 .text._sbrk    0x08001518       0x48 CMakeFiles/usb_xbox.elf.dir/Core/Src/sysmem.c.obj
                0x08001518                _sbrk
 .text.SystemInit
                0x08001560        0x2 CMakeFiles/usb_xbox.elf.dir/Core/Src/system_stm32f4xx.c.obj
                0x08001560                SystemInit
 *fill*         0x08001562        0x2 
 .text.MX_TIM11_Init
                0x08001564       0x30 CMakeFiles/usb_xbox.elf.dir/Core/Src/tim.c.obj
                0x08001564                MX_TIM11_Init
 .text.HAL_TIM_Base_MspInit
                0x08001594       0x40 CMakeFiles/usb_xbox.elf.dir/Core/Src/tim.c.obj
                0x08001594                HAL_TIM_Base_MspInit
 .text.MX_USART1_UART_Init
                0x080015d4       0x34 CMakeFiles/usb_xbox.elf.dir/Core/Src/usart.c.obj
                0x080015d4                MX_USART1_UART_Init
 .text.HAL_UART_MspInit
                0x08001608       0x74 CMakeFiles/usb_xbox.elf.dir/Core/Src/usart.c.obj
                0x08001608                HAL_UART_MspInit
 .text.Reset_Handler
                0x0800167c       0x50 CMakeFiles/usb_xbox.elf.dir/Core/Startup/startup_stm32f401ccux.s.obj
                0x0800167c                Reset_Handler
 .text.Default_Handler
                0x080016cc        0x2 CMakeFiles/usb_xbox.elf.dir/Core/Startup/startup_stm32f401ccux.s.obj
                0x080016cc                RTC_Alarm_IRQHandler
                0x080016cc                EXTI2_IRQHandler
                0x080016cc                SPI4_IRQHandler
                0x080016cc                TIM1_CC_IRQHandler
                0x080016cc                DMA2_Stream5_IRQHandler
                0x080016cc                DMA1_Stream5_IRQHandler
                0x080016cc                PVD_IRQHandler
                0x080016cc                SDIO_IRQHandler
                0x080016cc                TAMP_STAMP_IRQHandler
                0x080016cc                EXTI3_IRQHandler
                0x080016cc                TIM1_UP_TIM10_IRQHandler
                0x080016cc                I2C3_ER_IRQHandler
                0x080016cc                EXTI0_IRQHandler
                0x080016cc                I2C2_EV_IRQHandler
                0x080016cc                DMA1_Stream2_IRQHandler
                0x080016cc                DMA2_Stream2_IRQHandler
                0x080016cc                SPI1_IRQHandler
                0x080016cc                TIM1_BRK_TIM9_IRQHandler
                0x080016cc                DMA2_Stream3_IRQHandler
                0x080016cc                USART6_IRQHandler
                0x080016cc                TIM4_IRQHandler
                0x080016cc                I2C1_EV_IRQHandler
                0x080016cc                DMA1_Stream6_IRQHandler
                0x080016cc                DMA1_Stream1_IRQHandler
                0x080016cc                TIM3_IRQHandler
                0x080016cc                RCC_IRQHandler
                0x080016cc                Default_Handler
                0x080016cc                EXTI15_10_IRQHandler
                0x080016cc                ADC_IRQHandler
                0x080016cc                DMA1_Stream7_IRQHandler
                0x080016cc                TIM5_IRQHandler
                0x080016cc                DMA2_Stream7_IRQHandler
                0x080016cc                I2C3_EV_IRQHandler
                0x080016cc                EXTI9_5_IRQHandler
                0x080016cc                RTC_WKUP_IRQHandler
                0x080016cc                SPI2_IRQHandler
                0x080016cc                DMA1_Stream0_IRQHandler
                0x080016cc                EXTI4_IRQHandler
                0x080016cc                WWDG_IRQHandler
                0x080016cc                TIM2_IRQHandler
                0x080016cc                OTG_FS_WKUP_IRQHandler
                0x080016cc                EXTI1_IRQHandler
                0x080016cc                USART2_IRQHandler
                0x080016cc                I2C2_ER_IRQHandler
                0x080016cc                DMA2_Stream1_IRQHandler
                0x080016cc                FLASH_IRQHandler
                0x080016cc                DMA2_Stream4_IRQHandler
                0x080016cc                USART1_IRQHandler
                0x080016cc                SPI3_IRQHandler
                0x080016cc                DMA1_Stream4_IRQHandler
                0x080016cc                I2C1_ER_IRQHandler
                0x080016cc                DMA2_Stream6_IRQHandler
                0x080016cc                DMA1_Stream3_IRQHandler
 *fill*         0x080016ce        0x2 
 .text.HAL_InitTick
                0x080016d0       0x4c CMakeFiles/usb_xbox.elf.dir/Drivers/STM32F4xx_HAL_Driver/Src/stm32f4xx_hal.c.obj
                0x080016d0                HAL_InitTick
 .text.HAL_Init
                0x0800171c       0x34 CMakeFiles/usb_xbox.elf.dir/Drivers/STM32F4xx_HAL_Driver/Src/stm32f4xx_hal.c.obj
                0x0800171c                HAL_Init
 .text.HAL_IncTick
                0x08001750       0x18 CMakeFiles/usb_xbox.elf.dir/Drivers/STM32F4xx_HAL_Driver/Src/stm32f4xx_hal.c.obj
                0x08001750                HAL_IncTick
 .text.HAL_GetTick
                0x08001768        0xc CMakeFiles/usb_xbox.elf.dir/Drivers/STM32F4xx_HAL_Driver/Src/stm32f4xx_hal.c.obj
                0x08001768                HAL_GetTick
 .text.HAL_Delay
                0x08001774       0x28 CMakeFiles/usb_xbox.elf.dir/Drivers/STM32F4xx_HAL_Driver/Src/stm32f4xx_hal.c.obj
                0x08001774                HAL_Delay
 .text.ADC_Init
                0x0800179c      0x134 CMakeFiles/usb_xbox.elf.dir/Drivers/STM32F4xx_HAL_Driver/Src/stm32f4xx_hal_adc.c.obj
 .text.HAL_ADC_Init
                0x080018d0       0x56 CMakeFiles/usb_xbox.elf.dir/Drivers/STM32F4xx_HAL_Driver/Src/stm32f4xx_hal_adc.c.obj
                0x080018d0                HAL_ADC_Init
 *fill*         0x08001926        0x2 
 .text.HAL_ADC_ConfigChannel
                0x08001928      0x198 CMakeFiles/usb_xbox.elf.dir/Drivers/STM32F4xx_HAL_Driver/Src/stm32f4xx_hal_adc.c.obj
                0x08001928                HAL_ADC_ConfigChannel
 .text.HAL_NVIC_SetPriorityGrouping
                0x08001ac0       0x24 CMakeFiles/usb_xbox.elf.dir/Drivers/STM32F4xx_HAL_Driver/Src/stm32f4xx_hal_cortex.c.obj
                0x08001ac0                HAL_NVIC_SetPriorityGrouping
 .text.HAL_NVIC_SetPriority
                0x08001ae4       0x70 CMakeFiles/usb_xbox.elf.dir/Drivers/STM32F4xx_HAL_Driver/Src/stm32f4xx_hal_cortex.c.obj
                0x08001ae4                HAL_NVIC_SetPriority
 .text.HAL_NVIC_EnableIRQ
                0x08001b54       0x1c CMakeFiles/usb_xbox.elf.dir/Drivers/STM32F4xx_HAL_Driver/Src/stm32f4xx_hal_cortex.c.obj
                0x08001b54                HAL_NVIC_EnableIRQ
 .text.HAL_SYSTICK_Config
                0x08001b70       0x28 CMakeFiles/usb_xbox.elf.dir/Drivers/STM32F4xx_HAL_Driver/Src/stm32f4xx_hal_cortex.c.obj
                0x08001b70                HAL_SYSTICK_Config
 .text.DMA_CalcBaseAndBitshift
                0x08001b98       0x40 CMakeFiles/usb_xbox.elf.dir/Drivers/STM32F4xx_HAL_Driver/Src/stm32f4xx_hal_dma.c.obj
 .text.DMA_CheckFifoParam
                0x08001bd8       0x8e CMakeFiles/usb_xbox.elf.dir/Drivers/STM32F4xx_HAL_Driver/Src/stm32f4xx_hal_dma.c.obj
 *fill*         0x08001c66        0x2 
 .text.HAL_DMA_Init
                0x08001c68       0xcc CMakeFiles/usb_xbox.elf.dir/Drivers/STM32F4xx_HAL_Driver/Src/stm32f4xx_hal_dma.c.obj
                0x08001c68                HAL_DMA_Init
 .text.HAL_DMA_IRQHandler
                0x08001d34      0x1dc CMakeFiles/usb_xbox.elf.dir/Drivers/STM32F4xx_HAL_Driver/Src/stm32f4xx_hal_dma.c.obj
                0x08001d34                HAL_DMA_IRQHandler
 .text.HAL_GPIO_Init
                0x08001f10      0x1c0 CMakeFiles/usb_xbox.elf.dir/Drivers/STM32F4xx_HAL_Driver/Src/stm32f4xx_hal_gpio.c.obj
                0x08001f10                HAL_GPIO_Init
 .text.HAL_GPIO_WritePin
                0x080020d0        0xc CMakeFiles/usb_xbox.elf.dir/Drivers/STM32F4xx_HAL_Driver/Src/stm32f4xx_hal_gpio.c.obj
                0x080020d0                HAL_GPIO_WritePin
 .text.HAL_GPIO_TogglePin
                0x080020dc       0x12 CMakeFiles/usb_xbox.elf.dir/Drivers/STM32F4xx_HAL_Driver/Src/stm32f4xx_hal_gpio.c.obj
                0x080020dc                HAL_GPIO_TogglePin
 .text.HCD_RXQLVL_IRQHandler
                0x080020ee       0x9e CMakeFiles/usb_xbox.elf.dir/Drivers/STM32F4xx_HAL_Driver/Src/stm32f4xx_hal_hcd.c.obj
 .text.HAL_HCD_HC_Init
                0x0800218c       0x8e CMakeFiles/usb_xbox.elf.dir/Drivers/STM32F4xx_HAL_Driver/Src/stm32f4xx_hal_hcd.c.obj
                0x0800218c                HAL_HCD_HC_Init
 .text.HAL_HCD_HC_Halt
                0x0800221a       0x24 CMakeFiles/usb_xbox.elf.dir/Drivers/STM32F4xx_HAL_Driver/Src/stm32f4xx_hal_hcd.c.obj
                0x0800221a                HAL_HCD_HC_Halt
 .text.HAL_HCD_Init
                0x0800223e       0xa4 CMakeFiles/usb_xbox.elf.dir/Drivers/STM32F4xx_HAL_Driver/Src/stm32f4xx_hal_hcd.c.obj
                0x0800223e                HAL_HCD_Init
 .text.HAL_HCD_HC_SubmitRequest
                0x080022e2      0x164 CMakeFiles/usb_xbox.elf.dir/Drivers/STM32F4xx_HAL_Driver/Src/stm32f4xx_hal_hcd.c.obj
                0x080022e2                HAL_HCD_HC_SubmitRequest
 .text.HCD_Port_IRQHandler
                0x08002446       0xb0 CMakeFiles/usb_xbox.elf.dir/Drivers/STM32F4xx_HAL_Driver/Src/stm32f4xx_hal_hcd.c.obj
 .text.HCD_HC_IN_IRQHandler
                0x080024f6      0x2b6 CMakeFiles/usb_xbox.elf.dir/Drivers/STM32F4xx_HAL_Driver/Src/stm32f4xx_hal_hcd.c.obj
 .text.HCD_HC_OUT_IRQHandler
                0x080027ac      0x2c2 CMakeFiles/usb_xbox.elf.dir/Drivers/STM32F4xx_HAL_Driver/Src/stm32f4xx_hal_hcd.c.obj
 .text.HAL_HCD_IRQHandler
                0x08002a6e      0x154 CMakeFiles/usb_xbox.elf.dir/Drivers/STM32F4xx_HAL_Driver/Src/stm32f4xx_hal_hcd.c.obj
                0x08002a6e                HAL_HCD_IRQHandler
 .text.HAL_HCD_Start
                0x08002bc2       0x2a CMakeFiles/usb_xbox.elf.dir/Drivers/STM32F4xx_HAL_Driver/Src/stm32f4xx_hal_hcd.c.obj
                0x08002bc2                HAL_HCD_Start
 .text.HAL_HCD_Stop
                0x08002bec       0x24 CMakeFiles/usb_xbox.elf.dir/Drivers/STM32F4xx_HAL_Driver/Src/stm32f4xx_hal_hcd.c.obj
                0x08002bec                HAL_HCD_Stop
 .text.HAL_HCD_ResetPort
                0x08002c10        0xa CMakeFiles/usb_xbox.elf.dir/Drivers/STM32F4xx_HAL_Driver/Src/stm32f4xx_hal_hcd.c.obj
                0x08002c10                HAL_HCD_ResetPort
 .text.HAL_HCD_HC_GetURBState
                0x08002c1a        0xc CMakeFiles/usb_xbox.elf.dir/Drivers/STM32F4xx_HAL_Driver/Src/stm32f4xx_hal_hcd.c.obj
                0x08002c1a                HAL_HCD_HC_GetURBState
 .text.HAL_HCD_HC_GetXferCount
                0x08002c26        0xa CMakeFiles/usb_xbox.elf.dir/Drivers/STM32F4xx_HAL_Driver/Src/stm32f4xx_hal_hcd.c.obj
                0x08002c26                HAL_HCD_HC_GetXferCount
 .text.HAL_HCD_GetCurrentFrame
                0x08002c30        0xa CMakeFiles/usb_xbox.elf.dir/Drivers/STM32F4xx_HAL_Driver/Src/stm32f4xx_hal_hcd.c.obj
                0x08002c30                HAL_HCD_GetCurrentFrame
 .text.HAL_HCD_GetCurrentSpeed
                0x08002c3a        0xa CMakeFiles/usb_xbox.elf.dir/Drivers/STM32F4xx_HAL_Driver/Src/stm32f4xx_hal_hcd.c.obj
                0x08002c3a                HAL_HCD_GetCurrentSpeed
 .text.HAL_RCC_OscConfig
                0x08002c44      0x3f8 CMakeFiles/usb_xbox.elf.dir/Drivers/STM32F4xx_HAL_Driver/Src/stm32f4xx_hal_rcc.c.obj
                0x08002c44                HAL_RCC_OscConfig
 .text.HAL_RCC_GetSysClockFreq
                0x0800303c       0xa4 CMakeFiles/usb_xbox.elf.dir/Drivers/STM32F4xx_HAL_Driver/Src/stm32f4xx_hal_rcc.c.obj
                0x0800303c                HAL_RCC_GetSysClockFreq
 .text.HAL_RCC_ClockConfig
                0x080030e0      0x160 CMakeFiles/usb_xbox.elf.dir/Drivers/STM32F4xx_HAL_Driver/Src/stm32f4xx_hal_rcc.c.obj
                0x080030e0                HAL_RCC_ClockConfig
 .text.HAL_RCC_GetHCLKFreq
                0x08003240        0xc CMakeFiles/usb_xbox.elf.dir/Drivers/STM32F4xx_HAL_Driver/Src/stm32f4xx_hal_rcc.c.obj
                0x08003240                HAL_RCC_GetHCLKFreq
 .text.HAL_RCC_GetPCLK1Freq
                0x0800324c       0x20 CMakeFiles/usb_xbox.elf.dir/Drivers/STM32F4xx_HAL_Driver/Src/stm32f4xx_hal_rcc.c.obj
                0x0800324c                HAL_RCC_GetPCLK1Freq
 .text.HAL_RCC_GetPCLK2Freq
                0x0800326c       0x20 CMakeFiles/usb_xbox.elf.dir/Drivers/STM32F4xx_HAL_Driver/Src/stm32f4xx_hal_rcc.c.obj
                0x0800326c                HAL_RCC_GetPCLK2Freq
 .text.HAL_TIM_PeriodElapsedCallback
                0x0800328c        0x2 CMakeFiles/usb_xbox.elf.dir/Drivers/STM32F4xx_HAL_Driver/Src/stm32f4xx_hal_tim.c.obj
                0x0800328c                HAL_TIM_PeriodElapsedCallback
 .text.HAL_TIM_OC_DelayElapsedCallback
                0x0800328e        0x2 CMakeFiles/usb_xbox.elf.dir/Drivers/STM32F4xx_HAL_Driver/Src/stm32f4xx_hal_tim.c.obj
                0x0800328e                HAL_TIM_OC_DelayElapsedCallback
 .text.HAL_TIM_IC_CaptureCallback
                0x08003290        0x2 CMakeFiles/usb_xbox.elf.dir/Drivers/STM32F4xx_HAL_Driver/Src/stm32f4xx_hal_tim.c.obj
                0x08003290                HAL_TIM_IC_CaptureCallback
 .text.HAL_TIM_PWM_PulseFinishedCallback
                0x08003292        0x2 CMakeFiles/usb_xbox.elf.dir/Drivers/STM32F4xx_HAL_Driver/Src/stm32f4xx_hal_tim.c.obj
                0x08003292                HAL_TIM_PWM_PulseFinishedCallback
 .text.HAL_TIM_TriggerCallback
                0x08003294        0x2 CMakeFiles/usb_xbox.elf.dir/Drivers/STM32F4xx_HAL_Driver/Src/stm32f4xx_hal_tim.c.obj
                0x08003294                HAL_TIM_TriggerCallback
 .text.HAL_TIM_IRQHandler
                0x08003296      0x17a CMakeFiles/usb_xbox.elf.dir/Drivers/STM32F4xx_HAL_Driver/Src/stm32f4xx_hal_tim.c.obj
                0x08003296                HAL_TIM_IRQHandler
 .text.TIM_Base_SetConfig
                0x08003410       0x9c CMakeFiles/usb_xbox.elf.dir/Drivers/STM32F4xx_HAL_Driver/Src/stm32f4xx_hal_tim.c.obj
                0x08003410                TIM_Base_SetConfig
 .text.HAL_TIM_Base_Init
                0x080034ac       0x58 CMakeFiles/usb_xbox.elf.dir/Drivers/STM32F4xx_HAL_Driver/Src/stm32f4xx_hal_tim.c.obj
                0x080034ac                HAL_TIM_Base_Init
 .text.HAL_TIMEx_CommutCallback
                0x08003504        0x2 CMakeFiles/usb_xbox.elf.dir/Drivers/STM32F4xx_HAL_Driver/Src/stm32f4xx_hal_tim_ex.c.obj
                0x08003504                HAL_TIMEx_CommutCallback
 .text.HAL_TIMEx_BreakCallback
                0x08003506        0x2 CMakeFiles/usb_xbox.elf.dir/Drivers/STM32F4xx_HAL_Driver/Src/stm32f4xx_hal_tim_ex.c.obj
                0x08003506                HAL_TIMEx_BreakCallback
 .text.UART_SetConfig
                0x08003508      0x110 CMakeFiles/usb_xbox.elf.dir/Drivers/STM32F4xx_HAL_Driver/Src/stm32f4xx_hal_uart.c.obj
 .text.HAL_UART_Init
                0x08003618       0x5e CMakeFiles/usb_xbox.elf.dir/Drivers/STM32F4xx_HAL_Driver/Src/stm32f4xx_hal_uart.c.obj
                0x08003618                HAL_UART_Init
 *fill*         0x08003676        0x2 
 .text.USB_CoreReset
                0x08003678       0x50 CMakeFiles/usb_xbox.elf.dir/Drivers/STM32F4xx_HAL_Driver/Src/stm32f4xx_ll_usb.c.obj
 .text.USB_CoreInit
                0x080036c8       0x8a CMakeFiles/usb_xbox.elf.dir/Drivers/STM32F4xx_HAL_Driver/Src/stm32f4xx_ll_usb.c.obj
                0x080036c8                USB_CoreInit
 .text.USB_EnableGlobalInt
                0x08003752        0xc CMakeFiles/usb_xbox.elf.dir/Drivers/STM32F4xx_HAL_Driver/Src/stm32f4xx_ll_usb.c.obj
                0x08003752                USB_EnableGlobalInt
 .text.USB_DisableGlobalInt
                0x0800375e        0xc CMakeFiles/usb_xbox.elf.dir/Drivers/STM32F4xx_HAL_Driver/Src/stm32f4xx_ll_usb.c.obj
                0x0800375e                USB_DisableGlobalInt
 *fill*         0x0800376a        0x2 
 .text.USB_FlushTxFifo
                0x0800376c       0x50 CMakeFiles/usb_xbox.elf.dir/Drivers/STM32F4xx_HAL_Driver/Src/stm32f4xx_ll_usb.c.obj
                0x0800376c                USB_FlushTxFifo
 .text.USB_FlushRxFifo
                0x080037bc       0x4c CMakeFiles/usb_xbox.elf.dir/Drivers/STM32F4xx_HAL_Driver/Src/stm32f4xx_ll_usb.c.obj
                0x080037bc                USB_FlushRxFifo
 .text.USB_WritePacket
                0x08003808       0x2e CMakeFiles/usb_xbox.elf.dir/Drivers/STM32F4xx_HAL_Driver/Src/stm32f4xx_ll_usb.c.obj
                0x08003808                USB_WritePacket
 .text.USB_ReadPacket
                0x08003836       0x54 CMakeFiles/usb_xbox.elf.dir/Drivers/STM32F4xx_HAL_Driver/Src/stm32f4xx_ll_usb.c.obj
                0x08003836                USB_ReadPacket
 .text.USB_ReadInterrupts
                0x0800388a        0x8 CMakeFiles/usb_xbox.elf.dir/Drivers/STM32F4xx_HAL_Driver/Src/stm32f4xx_ll_usb.c.obj
                0x0800388a                USB_ReadInterrupts
 .text.USB_GetMode
                0x08003892        0x8 CMakeFiles/usb_xbox.elf.dir/Drivers/STM32F4xx_HAL_Driver/Src/stm32f4xx_ll_usb.c.obj
                0x08003892                USB_GetMode
 .text.USB_SetCurrentMode
                0x0800389a       0x62 CMakeFiles/usb_xbox.elf.dir/Drivers/STM32F4xx_HAL_Driver/Src/stm32f4xx_ll_usb.c.obj
                0x0800389a                USB_SetCurrentMode
 .text.USB_HostInit
                0x080038fc       0xf8 CMakeFiles/usb_xbox.elf.dir/Drivers/STM32F4xx_HAL_Driver/Src/stm32f4xx_ll_usb.c.obj
                0x080038fc                USB_HostInit
 .text.USB_InitFSLSPClkSel
                0x080039f4       0x3e CMakeFiles/usb_xbox.elf.dir/Drivers/STM32F4xx_HAL_Driver/Src/stm32f4xx_ll_usb.c.obj
                0x080039f4                USB_InitFSLSPClkSel
 .text.USB_ResetPort
                0x08003a32       0x3e CMakeFiles/usb_xbox.elf.dir/Drivers/STM32F4xx_HAL_Driver/Src/stm32f4xx_ll_usb.c.obj
                0x08003a32                USB_ResetPort
 .text.USB_DriveVbus
                0x08003a70       0x46 CMakeFiles/usb_xbox.elf.dir/Drivers/STM32F4xx_HAL_Driver/Src/stm32f4xx_ll_usb.c.obj
                0x08003a70                USB_DriveVbus
 .text.USB_GetHostSpeed
                0x08003ab6       0x16 CMakeFiles/usb_xbox.elf.dir/Drivers/STM32F4xx_HAL_Driver/Src/stm32f4xx_ll_usb.c.obj
                0x08003ab6                USB_GetHostSpeed
 .text.USB_GetCurrentFrame
                0x08003acc        0xa CMakeFiles/usb_xbox.elf.dir/Drivers/STM32F4xx_HAL_Driver/Src/stm32f4xx_ll_usb.c.obj
                0x08003acc                USB_GetCurrentFrame
 .text.USB_HC_Init
                0x08003ad6      0x128 CMakeFiles/usb_xbox.elf.dir/Drivers/STM32F4xx_HAL_Driver/Src/stm32f4xx_ll_usb.c.obj
                0x08003ad6                USB_HC_Init
 .text.USB_HC_ReadInterrupt
                0x08003bfe        0xa CMakeFiles/usb_xbox.elf.dir/Drivers/STM32F4xx_HAL_Driver/Src/stm32f4xx_ll_usb.c.obj
                0x08003bfe                USB_HC_ReadInterrupt
 .text.USB_HC_Halt
                0x08003c08       0xe4 CMakeFiles/usb_xbox.elf.dir/Drivers/STM32F4xx_HAL_Driver/Src/stm32f4xx_ll_usb.c.obj
                0x08003c08                USB_HC_Halt
 .text.USB_DoPing
                0x08003cec       0x24 CMakeFiles/usb_xbox.elf.dir/Drivers/STM32F4xx_HAL_Driver/Src/stm32f4xx_ll_usb.c.obj
                0x08003cec                USB_DoPing
 .text.USB_HC_StartXfer
                0x08003d10      0x16c CMakeFiles/usb_xbox.elf.dir/Drivers/STM32F4xx_HAL_Driver/Src/stm32f4xx_ll_usb.c.obj
                0x08003d10                USB_HC_StartXfer
 .text.USB_StopHost
                0x08003e7c       0x92 CMakeFiles/usb_xbox.elf.dir/Drivers/STM32F4xx_HAL_Driver/Src/stm32f4xx_ll_usb.c.obj
                0x08003e7c                USB_StopHost
 .text.USBH_AUDIO_SOFProcess
                0x08003f0e        0x4 CMakeFiles/usb_xbox.elf.dir/Middlewares/ST/STM32_USB_Host_Library/Class/AUDIO/Src/usbh_audio.c.obj
 .text.USBH_AUDIO_FindAudioStreamingIN
                0x08003f12       0xa2 CMakeFiles/usb_xbox.elf.dir/Middlewares/ST/STM32_USB_Host_Library/Class/AUDIO/Src/usbh_audio.c.obj
 .text.USBH_AUDIO_FindAudioStreamingOUT
                0x08003fb4       0xa6 CMakeFiles/usb_xbox.elf.dir/Middlewares/ST/STM32_USB_Host_Library/Class/AUDIO/Src/usbh_audio.c.obj
 .text.ParseCSDescriptors
                0x0800405a       0xb0 CMakeFiles/usb_xbox.elf.dir/Middlewares/ST/STM32_USB_Host_Library/Class/AUDIO/Src/usbh_audio.c.obj
 .text.USBH_AUDIO_FindLinkedUnit
                0x0800410a       0xd2 CMakeFiles/usb_xbox.elf.dir/Middlewares/ST/STM32_USB_Host_Library/Class/AUDIO/Src/usbh_audio.c.obj
 .text.USBH_AUDIO_BuildMicrophonePath
                0x080041dc       0x9c CMakeFiles/usb_xbox.elf.dir/Middlewares/ST/STM32_USB_Host_Library/Class/AUDIO/Src/usbh_audio.c.obj
 .text.USBH_AUDIO_BuildHeadphonePath
                0x08004278       0xec CMakeFiles/usb_xbox.elf.dir/Middlewares/ST/STM32_USB_Host_Library/Class/AUDIO/Src/usbh_audio.c.obj
 .text.USBH_AUDIO_SetEndpointControls
                0x08004364       0x22 CMakeFiles/usb_xbox.elf.dir/Middlewares/ST/STM32_USB_Host_Library/Class/AUDIO/Src/usbh_audio.c.obj
 .text.USBH_AC_SetCur
                0x08004386       0x7a CMakeFiles/usb_xbox.elf.dir/Middlewares/ST/STM32_USB_Host_Library/Class/AUDIO/Src/usbh_audio.c.obj
 .text.AUDIO_SetVolume
                0x08004400       0x20 CMakeFiles/usb_xbox.elf.dir/Middlewares/ST/STM32_USB_Host_Library/Class/AUDIO/Src/usbh_audio.c.obj
 .text.USBH_AUDIO_SetControlAttribute
                0x08004420       0x94 CMakeFiles/usb_xbox.elf.dir/Middlewares/ST/STM32_USB_Host_Library/Class/AUDIO/Src/usbh_audio.c.obj
 .text.USBH_AC_GetCur
                0x080044b4       0x96 CMakeFiles/usb_xbox.elf.dir/Middlewares/ST/STM32_USB_Host_Library/Class/AUDIO/Src/usbh_audio.c.obj
 .text.USBH_AC_GetMin
                0x0800454a       0x96 CMakeFiles/usb_xbox.elf.dir/Middlewares/ST/STM32_USB_Host_Library/Class/AUDIO/Src/usbh_audio.c.obj
 .text.USBH_AC_GetMax
                0x080045e0       0x96 CMakeFiles/usb_xbox.elf.dir/Middlewares/ST/STM32_USB_Host_Library/Class/AUDIO/Src/usbh_audio.c.obj
 .text.USBH_AC_GetRes
                0x08004676       0x96 CMakeFiles/usb_xbox.elf.dir/Middlewares/ST/STM32_USB_Host_Library/Class/AUDIO/Src/usbh_audio.c.obj
 .text.USBH_AUDIO_CSRequest
                0x0800470c       0xea CMakeFiles/usb_xbox.elf.dir/Middlewares/ST/STM32_USB_Host_Library/Class/AUDIO/Src/usbh_audio.c.obj
 .text.USBH_AUDIO_HandleCSRequest
                0x080047f6       0x3e CMakeFiles/usb_xbox.elf.dir/Middlewares/ST/STM32_USB_Host_Library/Class/AUDIO/Src/usbh_audio.c.obj
 .text.USBH_AUDIO_Control
                0x08004834       0xd6 CMakeFiles/usb_xbox.elf.dir/Middlewares/ST/STM32_USB_Host_Library/Class/AUDIO/Src/usbh_audio.c.obj
 *fill*         0x0800490a        0x2 
 .text.USBH_AUDIO_ClassRequest
                0x0800490c      0x160 CMakeFiles/usb_xbox.elf.dir/Middlewares/ST/STM32_USB_Host_Library/Class/AUDIO/Src/usbh_audio.c.obj
 .text.USBH_AUDIO_InterfaceDeInit
                0x08004a6c       0x7a CMakeFiles/usb_xbox.elf.dir/Middlewares/ST/STM32_USB_Host_Library/Class/AUDIO/Src/usbh_audio.c.obj
 .text.USBH_AUDIO_FindHIDControl
                0x08004ae6       0x88 CMakeFiles/usb_xbox.elf.dir/Middlewares/ST/STM32_USB_Host_Library/Class/AUDIO/Src/usbh_audio.c.obj
 *fill*         0x08004b6e        0x2 
 .text.USBH_AUDIO_ParseCSDescriptors
                0x08004b70       0xb4 CMakeFiles/usb_xbox.elf.dir/Middlewares/ST/STM32_USB_Host_Library/Class/AUDIO/Src/usbh_audio.c.obj
 .text.USBH_AUDIO_InterfaceInit
                0x08004c24      0x26c CMakeFiles/usb_xbox.elf.dir/Middlewares/ST/STM32_USB_Host_Library/Class/AUDIO/Src/usbh_audio.c.obj
 .text.USBH_AUDIO_FrequencySet
                0x08004e90        0x2 CMakeFiles/usb_xbox.elf.dir/Middlewares/ST/STM32_USB_Host_Library/Class/AUDIO/Src/usbh_audio.c.obj
                0x08004e90                USBH_AUDIO_FrequencySet
 .text.USBH_AUDIO_BufferEmptyCallback
                0x08004e92        0x2 CMakeFiles/usb_xbox.elf.dir/Middlewares/ST/STM32_USB_Host_Library/Class/AUDIO/Src/usbh_audio.c.obj
                0x08004e92                USBH_AUDIO_BufferEmptyCallback
 .text.USBH_AUDIO_Transmit
                0x08004e94       0xe8 CMakeFiles/usb_xbox.elf.dir/Middlewares/ST/STM32_USB_Host_Library/Class/AUDIO/Src/usbh_audio.c.obj
 .text.USBH_AUDIO_OutputStream
                0x08004f7c       0x86 CMakeFiles/usb_xbox.elf.dir/Middlewares/ST/STM32_USB_Host_Library/Class/AUDIO/Src/usbh_audio.c.obj
 .text.USBH_AUDIO_Process
                0x08005002       0x1a CMakeFiles/usb_xbox.elf.dir/Middlewares/ST/STM32_USB_Host_Library/Class/AUDIO/Src/usbh_audio.c.obj
 .text.USBH_CDC_SOFProcess
                0x0800501c        0x4 CMakeFiles/usb_xbox.elf.dir/Middlewares/ST/STM32_USB_Host_Library/Class/CDC/Src/usbh_cdc.c.obj
 .text.SetLineCoding
                0x08005020       0x1a CMakeFiles/usb_xbox.elf.dir/Middlewares/ST/STM32_USB_Host_Library/Class/CDC/Src/usbh_cdc.c.obj
 .text.GetLineCoding
                0x0800503a       0x1a CMakeFiles/usb_xbox.elf.dir/Middlewares/ST/STM32_USB_Host_Library/Class/CDC/Src/usbh_cdc.c.obj
 .text.USBH_CDC_ClassRequest
                0x08005054       0x44 CMakeFiles/usb_xbox.elf.dir/Middlewares/ST/STM32_USB_Host_Library/Class/CDC/Src/usbh_cdc.c.obj
 .text.USBH_CDC_InterfaceDeInit
                0x08005098       0x68 CMakeFiles/usb_xbox.elf.dir/Middlewares/ST/STM32_USB_Host_Library/Class/CDC/Src/usbh_cdc.c.obj
 .text.USBH_CDC_InterfaceInit
                0x08005100      0x1dc CMakeFiles/usb_xbox.elf.dir/Middlewares/ST/STM32_USB_Host_Library/Class/CDC/Src/usbh_cdc.c.obj
 .text.USBH_CDC_TransmitCallback
                0x080052dc        0x2 CMakeFiles/usb_xbox.elf.dir/Middlewares/ST/STM32_USB_Host_Library/Class/CDC/Src/usbh_cdc.c.obj
                0x080052dc                USBH_CDC_TransmitCallback
 .text.CDC_ProcessTransmission
                0x080052de       0x94 CMakeFiles/usb_xbox.elf.dir/Middlewares/ST/STM32_USB_Host_Library/Class/CDC/Src/usbh_cdc.c.obj
 .text.USBH_CDC_ReceiveCallback
                0x08005372        0x2 CMakeFiles/usb_xbox.elf.dir/Middlewares/ST/STM32_USB_Host_Library/Class/CDC/Src/usbh_cdc.c.obj
                0x08005372                USBH_CDC_ReceiveCallback
 .text.CDC_ProcessReception
                0x08005374       0x68 CMakeFiles/usb_xbox.elf.dir/Middlewares/ST/STM32_USB_Host_Library/Class/CDC/Src/usbh_cdc.c.obj
 .text.USBH_CDC_LineCodingChanged
                0x080053dc        0x2 CMakeFiles/usb_xbox.elf.dir/Middlewares/ST/STM32_USB_Host_Library/Class/CDC/Src/usbh_cdc.c.obj
                0x080053dc                USBH_CDC_LineCodingChanged
 .text.USBH_CDC_Process
                0x080053de       0xb2 CMakeFiles/usb_xbox.elf.dir/Middlewares/ST/STM32_USB_Host_Library/Class/CDC/Src/usbh_cdc.c.obj
 .text.USBH_HID_SOFProcess
                0x08005490       0x24 CMakeFiles/usb_xbox.elf.dir/Middlewares/ST/STM32_USB_Host_Library/Class/HID/Src/usbh_hid.c.obj
 .text.USBH_HID_ParseHIDDesc
                0x080054b4       0x5c CMakeFiles/usb_xbox.elf.dir/Middlewares/ST/STM32_USB_Host_Library/Class/HID/Src/usbh_hid.c.obj
 .text.USBH_HID_InterfaceDeInit
                0x08005510       0x50 CMakeFiles/usb_xbox.elf.dir/Middlewares/ST/STM32_USB_Host_Library/Class/HID/Src/usbh_hid.c.obj
 .text.USBH_HID_InterfaceInit
                0x08005560      0x1bc CMakeFiles/usb_xbox.elf.dir/Middlewares/ST/STM32_USB_Host_Library/Class/HID/Src/usbh_hid.c.obj
 .text.USBH_HID_GetHIDReportDescriptor
                0x0800571c       0x1a CMakeFiles/usb_xbox.elf.dir/Middlewares/ST/STM32_USB_Host_Library/Class/HID/Src/usbh_hid.c.obj
                0x0800571c                USBH_HID_GetHIDReportDescriptor
 .text.USBH_HID_SetIdle
                0x08005736       0x26 CMakeFiles/usb_xbox.elf.dir/Middlewares/ST/STM32_USB_Host_Library/Class/HID/Src/usbh_hid.c.obj
                0x08005736                USBH_HID_SetIdle
 .text.USBH_HID_GetReport
                0x0800575c       0x2a CMakeFiles/usb_xbox.elf.dir/Middlewares/ST/STM32_USB_Host_Library/Class/HID/Src/usbh_hid.c.obj
                0x0800575c                USBH_HID_GetReport
 .text.USBH_HID_SetProtocol
                0x08005786       0x24 CMakeFiles/usb_xbox.elf.dir/Middlewares/ST/STM32_USB_Host_Library/Class/HID/Src/usbh_hid.c.obj
                0x08005786                USBH_HID_SetProtocol
 *fill*         0x080057aa        0x2 
 .text.USBH_HID_ClassRequest
                0x080057ac       0xc8 CMakeFiles/usb_xbox.elf.dir/Middlewares/ST/STM32_USB_Host_Library/Class/HID/Src/usbh_hid.c.obj
 .text.USBH_HID_FifoInit
                0x08005874        0xe CMakeFiles/usb_xbox.elf.dir/Middlewares/ST/STM32_USB_Host_Library/Class/HID/Src/usbh_hid.c.obj
                0x08005874                USBH_HID_FifoInit
 .text.USBH_HID_FifoWrite
                0x08005882       0x68 CMakeFiles/usb_xbox.elf.dir/Middlewares/ST/STM32_USB_Host_Library/Class/HID/Src/usbh_hid.c.obj
                0x08005882                USBH_HID_FifoWrite
 .text.USBH_HID_Process
                0x080058ea       0xfa CMakeFiles/usb_xbox.elf.dir/Middlewares/ST/STM32_USB_Host_Library/Class/HID/Src/usbh_hid.c.obj
 .text.USBH_HID_KeybdInit
                0x080059e4       0x60 CMakeFiles/usb_xbox.elf.dir/Middlewares/ST/STM32_USB_Host_Library/Class/HID/Src/usbh_hid_keybd.c.obj
                0x080059e4                USBH_HID_KeybdInit
 .text.USBH_HID_MouseInit
                0x08005a44       0x58 CMakeFiles/usb_xbox.elf.dir/Middlewares/ST/STM32_USB_Host_Library/Class/HID/Src/usbh_hid_mouse.c.obj
                0x08005a44                USBH_HID_MouseInit
 .text.USBH_MSC_SOFProcess
                0x08005a9c        0x4 CMakeFiles/usb_xbox.elf.dir/Middlewares/ST/STM32_USB_Host_Library/Class/MSC/Src/usbh_msc.c.obj
 .text.USBH_MSC_Process
                0x08005aa0      0x404 CMakeFiles/usb_xbox.elf.dir/Middlewares/ST/STM32_USB_Host_Library/Class/MSC/Src/usbh_msc.c.obj
 .text.USBH_MSC_ClassRequest
                0x08005ea4       0x88 CMakeFiles/usb_xbox.elf.dir/Middlewares/ST/STM32_USB_Host_Library/Class/MSC/Src/usbh_msc.c.obj
 .text.USBH_MSC_InterfaceDeInit
                0x08005f2c       0x50 CMakeFiles/usb_xbox.elf.dir/Middlewares/ST/STM32_USB_Host_Library/Class/MSC/Src/usbh_msc.c.obj
 .text.USBH_MSC_InterfaceInit
                0x08005f7c      0x17c CMakeFiles/usb_xbox.elf.dir/Middlewares/ST/STM32_USB_Host_Library/Class/MSC/Src/usbh_msc.c.obj
 .text.USBH_MSC_DecodeCSW
                0x080060f8       0x48 CMakeFiles/usb_xbox.elf.dir/Middlewares/ST/STM32_USB_Host_Library/Class/MSC/Src/usbh_msc_bot.c.obj
 .text.USBH_MSC_BOT_Abort
                0x08006140       0x22 CMakeFiles/usb_xbox.elf.dir/Middlewares/ST/STM32_USB_Host_Library/Class/MSC/Src/usbh_msc_bot.c.obj
 .text.USBH_MSC_BOT_REQ_Reset
                0x08006162       0x1a CMakeFiles/usb_xbox.elf.dir/Middlewares/ST/STM32_USB_Host_Library/Class/MSC/Src/usbh_msc_bot.c.obj
                0x08006162                USBH_MSC_BOT_REQ_Reset
 .text.USBH_MSC_BOT_REQ_GetMaxLUN
                0x0800617c       0x1a CMakeFiles/usb_xbox.elf.dir/Middlewares/ST/STM32_USB_Host_Library/Class/MSC/Src/usbh_msc_bot.c.obj
                0x0800617c                USBH_MSC_BOT_REQ_GetMaxLUN
 *fill*         0x08006196        0x2 
 .text.USBH_MSC_BOT_Init
                0x08006198       0x24 CMakeFiles/usb_xbox.elf.dir/Middlewares/ST/STM32_USB_Host_Library/Class/MSC/Src/usbh_msc_bot.c.obj
                0x08006198                USBH_MSC_BOT_Init
 .text.USBH_MSC_BOT_Process
                0x080061bc      0x256 CMakeFiles/usb_xbox.elf.dir/Middlewares/ST/STM32_USB_Host_Library/Class/MSC/Src/usbh_msc_bot.c.obj
                0x080061bc                USBH_MSC_BOT_Process
 .text.USBH_MSC_SCSI_TestUnitReady
                0x08006412       0x4e CMakeFiles/usb_xbox.elf.dir/Middlewares/ST/STM32_USB_Host_Library/Class/MSC/Src/usbh_msc_scsi.c.obj
                0x08006412                USBH_MSC_SCSI_TestUnitReady
 .text.USBH_MSC_SCSI_ReadCapacity
                0x08006460       0x8e CMakeFiles/usb_xbox.elf.dir/Middlewares/ST/STM32_USB_Host_Library/Class/MSC/Src/usbh_msc_scsi.c.obj
                0x08006460                USBH_MSC_SCSI_ReadCapacity
 .text.USBH_MSC_SCSI_Inquiry
                0x080064ee       0xcc CMakeFiles/usb_xbox.elf.dir/Middlewares/ST/STM32_USB_Host_Library/Class/MSC/Src/usbh_msc_scsi.c.obj
                0x080064ee                USBH_MSC_SCSI_Inquiry
 .text.USBH_MSC_SCSI_RequestSense
                0x080065ba       0x8c CMakeFiles/usb_xbox.elf.dir/Middlewares/ST/STM32_USB_Host_Library/Class/MSC/Src/usbh_msc_scsi.c.obj
                0x080065ba                USBH_MSC_SCSI_RequestSense
 .text.MTP_FindCtlEndpoint
                0x08006646       0x7a CMakeFiles/usb_xbox.elf.dir/Middlewares/ST/STM32_USB_Host_Library/Class/MTP/Src/usbh_mtp.c.obj
 .text.MTP_FindDataOutEndpoint
                0x080066c0       0x78 CMakeFiles/usb_xbox.elf.dir/Middlewares/ST/STM32_USB_Host_Library/Class/MTP/Src/usbh_mtp.c.obj
 .text.MTP_FindDataInEndpoint
                0x08006738       0x78 CMakeFiles/usb_xbox.elf.dir/Middlewares/ST/STM32_USB_Host_Library/Class/MTP/Src/usbh_mtp.c.obj
 .text.USBH_MTP_ClassRequest
                0x080067b0        0x4 CMakeFiles/usb_xbox.elf.dir/Middlewares/ST/STM32_USB_Host_Library/Class/MTP/Src/usbh_mtp.c.obj
 .text.USBH_MTP_SOFProcess
                0x080067b4        0x4 CMakeFiles/usb_xbox.elf.dir/Middlewares/ST/STM32_USB_Host_Library/Class/MTP/Src/usbh_mtp.c.obj
 .text.USBH_MTP_InterfaceDeInit
                0x080067b8       0x92 CMakeFiles/usb_xbox.elf.dir/Middlewares/ST/STM32_USB_Host_Library/Class/MTP/Src/usbh_mtp.c.obj
 *fill*         0x0800684a        0x2 
 .text.USBH_MTP_InterfaceInit
                0x0800684c      0x234 CMakeFiles/usb_xbox.elf.dir/Middlewares/ST/STM32_USB_Host_Library/Class/MTP/Src/usbh_mtp.c.obj
 .text.USBH_MTP_EventsCallback
                0x08006a80        0x2 CMakeFiles/usb_xbox.elf.dir/Middlewares/ST/STM32_USB_Host_Library/Class/MTP/Src/usbh_mtp.c.obj
                0x08006a80                USBH_MTP_EventsCallback
 *fill*         0x08006a82        0x2 
 .text.MTP_DecodeEvent
                0x08006a84      0x244 CMakeFiles/usb_xbox.elf.dir/Middlewares/ST/STM32_USB_Host_Library/Class/MTP/Src/usbh_mtp.c.obj
 .text.USBH_MTP_Events
                0x08006cc8       0x9c CMakeFiles/usb_xbox.elf.dir/Middlewares/ST/STM32_USB_Host_Library/Class/MTP/Src/usbh_mtp.c.obj
 .text.USBH_MTP_Process
                0x08006d64      0x2e4 CMakeFiles/usb_xbox.elf.dir/Middlewares/ST/STM32_USB_Host_Library/Class/MTP/Src/usbh_mtp.c.obj
 .text.PTP_GetString
                0x08007048       0x26 CMakeFiles/usb_xbox.elf.dir/Middlewares/ST/STM32_USB_Host_Library/Class/MTP/Src/usbh_mtp_ptp.c.obj
 .text.PTP_GetStorageInfo
                0x0800706e      0x102 CMakeFiles/usb_xbox.elf.dir/Middlewares/ST/STM32_USB_Host_Library/Class/MTP/Src/usbh_mtp_ptp.c.obj
 .text.PTP_GetArray16
                0x08007170       0x40 CMakeFiles/usb_xbox.elf.dir/Middlewares/ST/STM32_USB_Host_Library/Class/MTP/Src/usbh_mtp_ptp.c.obj
 .text.PTP_GetArray32
                0x080071b0       0x52 CMakeFiles/usb_xbox.elf.dir/Middlewares/ST/STM32_USB_Host_Library/Class/MTP/Src/usbh_mtp_ptp.c.obj
 .text.PTP_GetStorageIDs
                0x08007202       0x1c CMakeFiles/usb_xbox.elf.dir/Middlewares/ST/STM32_USB_Host_Library/Class/MTP/Src/usbh_mtp_ptp.c.obj
 *fill*         0x0800721e        0x2 
 .text.PTP_DecodeDeviceInfo
                0x08007220      0x170 CMakeFiles/usb_xbox.elf.dir/Middlewares/ST/STM32_USB_Host_Library/Class/MTP/Src/usbh_mtp_ptp.c.obj
 .text.PTP_BufferFullCallback
                0x08007390       0x8e CMakeFiles/usb_xbox.elf.dir/Middlewares/ST/STM32_USB_Host_Library/Class/MTP/Src/usbh_mtp_ptp.c.obj
 .text.USBH_PTP_Init
                0x0800741e       0x18 CMakeFiles/usb_xbox.elf.dir/Middlewares/ST/STM32_USB_Host_Library/Class/MTP/Src/usbh_mtp_ptp.c.obj
                0x0800741e                USBH_PTP_Init
 .text.USBH_PTP_SendRequest
                0x08007436       0x5c CMakeFiles/usb_xbox.elf.dir/Middlewares/ST/STM32_USB_Host_Library/Class/MTP/Src/usbh_mtp_ptp.c.obj
                0x08007436                USBH_PTP_SendRequest
 .text.USBH_PTP_GetResponse
                0x08007492       0x3e CMakeFiles/usb_xbox.elf.dir/Middlewares/ST/STM32_USB_Host_Library/Class/MTP/Src/usbh_mtp_ptp.c.obj
                0x08007492                USBH_PTP_GetResponse
 .text.USBH_PTP_Process
                0x080074d0      0x338 CMakeFiles/usb_xbox.elf.dir/Middlewares/ST/STM32_USB_Host_Library/Class/MTP/Src/usbh_mtp_ptp.c.obj
                0x080074d0                USBH_PTP_Process
 .text.USBH_PTP_OpenSession
                0x08007808       0x6a CMakeFiles/usb_xbox.elf.dir/Middlewares/ST/STM32_USB_Host_Library/Class/MTP/Src/usbh_mtp_ptp.c.obj
                0x08007808                USBH_PTP_OpenSession
 .text.USBH_PTP_GetDeviceInfo
                0x08007872       0x92 CMakeFiles/usb_xbox.elf.dir/Middlewares/ST/STM32_USB_Host_Library/Class/MTP/Src/usbh_mtp_ptp.c.obj
                0x08007872                USBH_PTP_GetDeviceInfo
 .text.USBH_PTP_GetStorageIds
                0x08007904       0x92 CMakeFiles/usb_xbox.elf.dir/Middlewares/ST/STM32_USB_Host_Library/Class/MTP/Src/usbh_mtp_ptp.c.obj
                0x08007904                USBH_PTP_GetStorageIds
 .text.USBH_PTP_GetStorageInfo
                0x08007996       0x9c CMakeFiles/usb_xbox.elf.dir/Middlewares/ST/STM32_USB_Host_Library/Class/MTP/Src/usbh_mtp_ptp.c.obj
                0x08007996                USBH_PTP_GetStorageInfo
 .text.DeInitStateMachine
                0x08007a32       0x62 CMakeFiles/usb_xbox.elf.dir/Middlewares/ST/STM32_USB_Host_Library/Core/Src/usbh_core.c.obj
 .text.USBH_HandleSof
                0x08007a94       0x1a CMakeFiles/usb_xbox.elf.dir/Middlewares/ST/STM32_USB_Host_Library/Core/Src/usbh_core.c.obj
 *fill*         0x08007aae        0x2 
 .text.USBH_HandleEnum
                0x08007ab0      0x3ec CMakeFiles/usb_xbox.elf.dir/Middlewares/ST/STM32_USB_Host_Library/Core/Src/usbh_core.c.obj
 .text.USBH_Init
                0x08007e9c       0x58 CMakeFiles/usb_xbox.elf.dir/Middlewares/ST/STM32_USB_Host_Library/Core/Src/usbh_core.c.obj
                0x08007e9c                USBH_Init
 .text.USBH_RegisterClass
                0x08007ef4       0x58 CMakeFiles/usb_xbox.elf.dir/Middlewares/ST/STM32_USB_Host_Library/Core/Src/usbh_core.c.obj
                0x08007ef4                USBH_RegisterClass
 .text.USBH_SelectInterface
                0x08007f4c       0x88 CMakeFiles/usb_xbox.elf.dir/Middlewares/ST/STM32_USB_Host_Library/Core/Src/usbh_core.c.obj
                0x08007f4c                USBH_SelectInterface
 .text.USBH_FindInterface
                0x08007fd4       0x54 CMakeFiles/usb_xbox.elf.dir/Middlewares/ST/STM32_USB_Host_Library/Core/Src/usbh_core.c.obj
                0x08007fd4                USBH_FindInterface
 .text.USBH_FindInterfaceIndex
                0x08008028       0x30 CMakeFiles/usb_xbox.elf.dir/Middlewares/ST/STM32_USB_Host_Library/Core/Src/usbh_core.c.obj
                0x08008028                USBH_FindInterfaceIndex
 .text.USBH_Start
                0x08008058       0x14 CMakeFiles/usb_xbox.elf.dir/Middlewares/ST/STM32_USB_Host_Library/Core/Src/usbh_core.c.obj
                0x08008058                USBH_Start
 .text.USBH_Process
                0x0800806c      0x3a0 CMakeFiles/usb_xbox.elf.dir/Middlewares/ST/STM32_USB_Host_Library/Core/Src/usbh_core.c.obj
                0x0800806c                USBH_Process
 .text.USBH_LL_SetTimer
                0x0800840c        0x6 CMakeFiles/usb_xbox.elf.dir/Middlewares/ST/STM32_USB_Host_Library/Core/Src/usbh_core.c.obj
                0x0800840c                USBH_LL_SetTimer
 .text.USBH_LL_IncTimer
                0x08008412       0x12 CMakeFiles/usb_xbox.elf.dir/Middlewares/ST/STM32_USB_Host_Library/Core/Src/usbh_core.c.obj
                0x08008412                USBH_LL_IncTimer
 .text.USBH_LL_PortEnabled
                0x08008424        0x8 CMakeFiles/usb_xbox.elf.dir/Middlewares/ST/STM32_USB_Host_Library/Core/Src/usbh_core.c.obj
                0x08008424                USBH_LL_PortEnabled
 .text.USBH_LL_PortDisabled
                0x0800842c        0x8 CMakeFiles/usb_xbox.elf.dir/Middlewares/ST/STM32_USB_Host_Library/Core/Src/usbh_core.c.obj
                0x0800842c                USBH_LL_PortDisabled
 .text.USBH_LL_Connect
                0x08008434       0x14 CMakeFiles/usb_xbox.elf.dir/Middlewares/ST/STM32_USB_Host_Library/Core/Src/usbh_core.c.obj
                0x08008434                USBH_LL_Connect
 .text.USBH_LL_Disconnect
                0x08008448       0x2c CMakeFiles/usb_xbox.elf.dir/Middlewares/ST/STM32_USB_Host_Library/Core/Src/usbh_core.c.obj
                0x08008448                USBH_LL_Disconnect
 .text.USBH_ParseDevDesc
                0x08008474       0x80 CMakeFiles/usb_xbox.elf.dir/Middlewares/ST/STM32_USB_Host_Library/Core/Src/usbh_ctlreq.c.obj
 .text.USBH_ParseInterfaceDesc
                0x080084f4       0x26 CMakeFiles/usb_xbox.elf.dir/Middlewares/ST/STM32_USB_Host_Library/Core/Src/usbh_ctlreq.c.obj
 .text.USBH_ParseEPDesc
                0x0800851a       0x9a CMakeFiles/usb_xbox.elf.dir/Middlewares/ST/STM32_USB_Host_Library/Core/Src/usbh_ctlreq.c.obj
 .text.USBH_ParseStringDesc
                0x080085b4       0x32 CMakeFiles/usb_xbox.elf.dir/Middlewares/ST/STM32_USB_Host_Library/Core/Src/usbh_ctlreq.c.obj
 *fill*         0x080085e6        0x2 
 .text.USBH_HandleControl
                0x080085e8      0x1f4 CMakeFiles/usb_xbox.elf.dir/Middlewares/ST/STM32_USB_Host_Library/Core/Src/usbh_ctlreq.c.obj
 .text.USBH_GetNextDesc
                0x080087dc        0xe CMakeFiles/usb_xbox.elf.dir/Middlewares/ST/STM32_USB_Host_Library/Core/Src/usbh_ctlreq.c.obj
                0x080087dc                USBH_GetNextDesc
 .text.USBH_ParseCfgDesc
                0x080087ea      0x166 CMakeFiles/usb_xbox.elf.dir/Middlewares/ST/STM32_USB_Host_Library/Core/Src/usbh_ctlreq.c.obj
 .text.USBH_CtlReq
                0x08008950       0x40 CMakeFiles/usb_xbox.elf.dir/Middlewares/ST/STM32_USB_Host_Library/Core/Src/usbh_ctlreq.c.obj
                0x08008950                USBH_CtlReq
 .text.USBH_GetDescriptor
                0x08008990       0x42 CMakeFiles/usb_xbox.elf.dir/Middlewares/ST/STM32_USB_Host_Library/Core/Src/usbh_ctlreq.c.obj
                0x08008990                USBH_GetDescriptor
 .text.USBH_Get_DevDesc
                0x080089d2       0x32 CMakeFiles/usb_xbox.elf.dir/Middlewares/ST/STM32_USB_Host_Library/Core/Src/usbh_ctlreq.c.obj
                0x080089d2                USBH_Get_DevDesc
 .text.USBH_Get_CfgDesc
                0x08008a04       0x2c CMakeFiles/usb_xbox.elf.dir/Middlewares/ST/STM32_USB_Host_Library/Core/Src/usbh_ctlreq.c.obj
                0x08008a04                USBH_Get_CfgDesc
 .text.USBH_Get_StringDesc
                0x08008a30       0x30 CMakeFiles/usb_xbox.elf.dir/Middlewares/ST/STM32_USB_Host_Library/Core/Src/usbh_ctlreq.c.obj
                0x08008a30                USBH_Get_StringDesc
 .text.USBH_SetAddress
                0x08008a60       0x22 CMakeFiles/usb_xbox.elf.dir/Middlewares/ST/STM32_USB_Host_Library/Core/Src/usbh_ctlreq.c.obj
                0x08008a60                USBH_SetAddress
 .text.USBH_SetCfg
                0x08008a82       0x22 CMakeFiles/usb_xbox.elf.dir/Middlewares/ST/STM32_USB_Host_Library/Core/Src/usbh_ctlreq.c.obj
                0x08008a82                USBH_SetCfg
 .text.USBH_SetInterface
                0x08008aa4       0x22 CMakeFiles/usb_xbox.elf.dir/Middlewares/ST/STM32_USB_Host_Library/Core/Src/usbh_ctlreq.c.obj
                0x08008aa4                USBH_SetInterface
 .text.USBH_SetFeature
                0x08008ac6       0x22 CMakeFiles/usb_xbox.elf.dir/Middlewares/ST/STM32_USB_Host_Library/Core/Src/usbh_ctlreq.c.obj
                0x08008ac6                USBH_SetFeature
 .text.USBH_ClrFeature
                0x08008ae8       0x24 CMakeFiles/usb_xbox.elf.dir/Middlewares/ST/STM32_USB_Host_Library/Core/Src/usbh_ctlreq.c.obj
                0x08008ae8                USBH_ClrFeature
 .text.USBH_CtlSendSetup
                0x08008b0c       0x22 CMakeFiles/usb_xbox.elf.dir/Middlewares/ST/STM32_USB_Host_Library/Core/Src/usbh_ioreq.c.obj
                0x08008b0c                USBH_CtlSendSetup
 .text.USBH_CtlSendData
                0x08008b2e       0x2c CMakeFiles/usb_xbox.elf.dir/Middlewares/ST/STM32_USB_Host_Library/Core/Src/usbh_ioreq.c.obj
                0x08008b2e                USBH_CtlSendData
 .text.USBH_CtlReceiveData
                0x08008b5a       0x20 CMakeFiles/usb_xbox.elf.dir/Middlewares/ST/STM32_USB_Host_Library/Core/Src/usbh_ioreq.c.obj
                0x08008b5a                USBH_CtlReceiveData
 .text.USBH_BulkSendData
                0x08008b7a       0x2c CMakeFiles/usb_xbox.elf.dir/Middlewares/ST/STM32_USB_Host_Library/Core/Src/usbh_ioreq.c.obj
                0x08008b7a                USBH_BulkSendData
 .text.USBH_BulkReceiveData
                0x08008ba6       0x20 CMakeFiles/usb_xbox.elf.dir/Middlewares/ST/STM32_USB_Host_Library/Core/Src/usbh_ioreq.c.obj
                0x08008ba6                USBH_BulkReceiveData
 .text.USBH_InterruptReceiveData
                0x08008bc6       0x20 CMakeFiles/usb_xbox.elf.dir/Middlewares/ST/STM32_USB_Host_Library/Core/Src/usbh_ioreq.c.obj
                0x08008bc6                USBH_InterruptReceiveData
 .text.USBH_IsocSendData
                0x08008be6       0x22 CMakeFiles/usb_xbox.elf.dir/Middlewares/ST/STM32_USB_Host_Library/Core/Src/usbh_ioreq.c.obj
                0x08008be6                USBH_IsocSendData
 .text.USBH_GetFreePipe
                0x08008c08       0x26 CMakeFiles/usb_xbox.elf.dir/Middlewares/ST/STM32_USB_Host_Library/Core/Src/usbh_pipes.c.obj
 .text.USBH_OpenPipe
                0x08008c2e       0x20 CMakeFiles/usb_xbox.elf.dir/Middlewares/ST/STM32_USB_Host_Library/Core/Src/usbh_pipes.c.obj
                0x08008c2e                USBH_OpenPipe
 .text.USBH_ClosePipe
                0x08008c4e        0xa CMakeFiles/usb_xbox.elf.dir/Middlewares/ST/STM32_USB_Host_Library/Core/Src/usbh_pipes.c.obj
                0x08008c4e                USBH_ClosePipe
 .text.USBH_AllocPipe
                0x08008c58       0x28 CMakeFiles/usb_xbox.elf.dir/Middlewares/ST/STM32_USB_Host_Library/Core/Src/usbh_pipes.c.obj
                0x08008c58                USBH_AllocPipe
 .text.USBH_FreePipe
                0x08008c80       0x18 CMakeFiles/usb_xbox.elf.dir/Middlewares/ST/STM32_USB_Host_Library/Core/Src/usbh_pipes.c.obj
                0x08008c80                USBH_FreePipe
 .text.USBH_UserProcess
                0x08008c98       0x2c CMakeFiles/usb_xbox.elf.dir/USB_HOST/App/usb_host.c.obj
 .text.MX_USB_HOST_Init
                0x08008cc4       0x90 CMakeFiles/usb_xbox.elf.dir/USB_HOST/App/usb_host.c.obj
                0x08008cc4                MX_USB_HOST_Init
 .text.MX_USB_HOST_Process
                0x08008d54       0x10 CMakeFiles/usb_xbox.elf.dir/USB_HOST/App/usb_host.c.obj
                0x08008d54                MX_USB_HOST_Process
 .text.HAL_HCD_MspInit
                0x08008d64       0x84 CMakeFiles/usb_xbox.elf.dir/USB_HOST/Target/usbh_conf.c.obj
                0x08008d64                HAL_HCD_MspInit
 .text.HAL_HCD_SOF_Callback
                0x08008de8        0xc CMakeFiles/usb_xbox.elf.dir/USB_HOST/Target/usbh_conf.c.obj
                0x08008de8                HAL_HCD_SOF_Callback
 .text.HAL_HCD_Connect_Callback
                0x08008df4        0xc CMakeFiles/usb_xbox.elf.dir/USB_HOST/Target/usbh_conf.c.obj
                0x08008df4                HAL_HCD_Connect_Callback
 .text.HAL_HCD_Disconnect_Callback
                0x08008e00        0xc CMakeFiles/usb_xbox.elf.dir/USB_HOST/Target/usbh_conf.c.obj
                0x08008e00                HAL_HCD_Disconnect_Callback
 .text.HAL_HCD_HC_NotifyURBChange_Callback
                0x08008e0c        0x2 CMakeFiles/usb_xbox.elf.dir/USB_HOST/Target/usbh_conf.c.obj
                0x08008e0c                HAL_HCD_HC_NotifyURBChange_Callback
 .text.HAL_HCD_PortEnabled_Callback
                0x08008e0e        0xc CMakeFiles/usb_xbox.elf.dir/USB_HOST/Target/usbh_conf.c.obj
                0x08008e0e                HAL_HCD_PortEnabled_Callback
 .text.HAL_HCD_PortDisabled_Callback
                0x08008e1a        0xc CMakeFiles/usb_xbox.elf.dir/USB_HOST/Target/usbh_conf.c.obj
                0x08008e1a                HAL_HCD_PortDisabled_Callback
 *fill*         0x08008e26        0x2 
 .text.USBH_LL_Init
                0x08008e28       0x54 CMakeFiles/usb_xbox.elf.dir/USB_HOST/Target/usbh_conf.c.obj
                0x08008e28                USBH_LL_Init
 .text.USBH_LL_GetSpeed
                0x08008e7c       0x20 CMakeFiles/usb_xbox.elf.dir/USB_HOST/Target/usbh_conf.c.obj
                0x08008e7c                USBH_LL_GetSpeed
 .text.USBH_LL_GetLastXferSize
                0x08008e9c        0xc CMakeFiles/usb_xbox.elf.dir/USB_HOST/Target/usbh_conf.c.obj
                0x08008e9c                USBH_LL_GetLastXferSize
 .text.USBH_LL_GetURBState
                0x08008ea8        0xc CMakeFiles/usb_xbox.elf.dir/USB_HOST/Target/usbh_conf.c.obj
                0x08008ea8                USBH_LL_GetURBState
 .text.USBH_LL_DriverVBUS
                0x08008eb4        0xc CMakeFiles/usb_xbox.elf.dir/USB_HOST/Target/usbh_conf.c.obj
                0x08008eb4                USBH_LL_DriverVBUS
 .text.USBH_LL_SetToggle
                0x08008ec0       0x2a CMakeFiles/usb_xbox.elf.dir/USB_HOST/Target/usbh_conf.c.obj
                0x08008ec0                USBH_LL_SetToggle
 .text.USBH_LL_GetToggle
                0x08008eea       0x28 CMakeFiles/usb_xbox.elf.dir/USB_HOST/Target/usbh_conf.c.obj
                0x08008eea                USBH_LL_GetToggle
 .text.USBH_Delay
                0x08008f12        0x8 CMakeFiles/usb_xbox.elf.dir/USB_HOST/Target/usbh_conf.c.obj
                0x08008f12                USBH_Delay
 .text.USBH_Get_USB_Status
                0x08008f1a       0x14 CMakeFiles/usb_xbox.elf.dir/USB_HOST/Target/usbh_conf.c.obj
                0x08008f1a                USBH_Get_USB_Status
 .text.USBH_LL_Start
                0x08008f2e       0x10 CMakeFiles/usb_xbox.elf.dir/USB_HOST/Target/usbh_conf.c.obj
                0x08008f2e                USBH_LL_Start
 .text.USBH_LL_Stop
                0x08008f3e       0x10 CMakeFiles/usb_xbox.elf.dir/USB_HOST/Target/usbh_conf.c.obj
                0x08008f3e                USBH_LL_Stop
 .text.USBH_LL_ResetPort
                0x08008f4e       0x10 CMakeFiles/usb_xbox.elf.dir/USB_HOST/Target/usbh_conf.c.obj
                0x08008f4e                USBH_LL_ResetPort
 .text.USBH_LL_OpenPipe
                0x08008f5e       0x26 CMakeFiles/usb_xbox.elf.dir/USB_HOST/Target/usbh_conf.c.obj
                0x08008f5e                USBH_LL_OpenPipe
 .text.USBH_LL_ClosePipe
                0x08008f84       0x10 CMakeFiles/usb_xbox.elf.dir/USB_HOST/Target/usbh_conf.c.obj
                0x08008f84                USBH_LL_ClosePipe
 .text.USBH_LL_SubmitURB
                0x08008f94       0x2a CMakeFiles/usb_xbox.elf.dir/USB_HOST/Target/usbh_conf.c.obj
                0x08008f94                USBH_LL_SubmitURB
 *fill*         0x08008fbe        0x2 
 .text.__errno  0x08008fc0        0xc c:/myfile/project/clion/gcc-arm-none-eabi-10.3-2021.10-win32/gcc-arm-none-eabi-10.3-2021.10/bin/../lib/gcc/arm-none-eabi/10.3.1/../../../../arm-none-eabi/lib/thumb/v7e-m/nofp\libc.a(lib_a-errno.o)
                0x08008fc0                __errno
 .text.__libc_init_array
                0x08008fcc       0x48 c:/myfile/project/clion/gcc-arm-none-eabi-10.3-2021.10-win32/gcc-arm-none-eabi-10.3-2021.10/bin/../lib/gcc/arm-none-eabi/10.3.1/../../../../arm-none-eabi/lib/thumb/v7e-m/nofp\libc.a(lib_a-init.o)
                0x08008fcc                __libc_init_array
 .text.malloc   0x08009014       0x10 c:/myfile/project/clion/gcc-arm-none-eabi-10.3-2021.10-win32/gcc-arm-none-eabi-10.3-2021.10/bin/../lib/gcc/arm-none-eabi/10.3.1/../../../../arm-none-eabi/lib/thumb/v7e-m/nofp\libc.a(lib_a-malloc.o)
                0x08009014                malloc
 .text.free     0x08009024       0x10 c:/myfile/project/clion/gcc-arm-none-eabi-10.3-2021.10-win32/gcc-arm-none-eabi-10.3-2021.10/bin/../lib/gcc/arm-none-eabi/10.3.1/../../../../arm-none-eabi/lib/thumb/v7e-m/nofp\libc.a(lib_a-malloc.o)
                0x08009024                free
 .text._malloc_r
                0x08009034      0x560 c:/myfile/project/clion/gcc-arm-none-eabi-10.3-2021.10-win32/gcc-arm-none-eabi-10.3-2021.10/bin/../lib/gcc/arm-none-eabi/10.3.1/../../../../arm-none-eabi/lib/thumb/v7e-m/nofp\libc.a(lib_a-mallocr.o)
                0x08009034                _malloc_r
 .text.memset   0x08009594       0xa4 c:/myfile/project/clion/gcc-arm-none-eabi-10.3-2021.10-win32/gcc-arm-none-eabi-10.3-2021.10/bin/../lib/gcc/arm-none-eabi/10.3.1/../../../../arm-none-eabi/lib/thumb/v7e-m/nofp\libc.a(lib_a-memset.o)
                0x08009594                memset
 .text.__malloc_lock
                0x08009638        0xc c:/myfile/project/clion/gcc-arm-none-eabi-10.3-2021.10-win32/gcc-arm-none-eabi-10.3-2021.10/bin/../lib/gcc/arm-none-eabi/10.3.1/../../../../arm-none-eabi/lib/thumb/v7e-m/nofp\libc.a(lib_a-mlock.o)
                0x08009638                __malloc_lock
 .text.__malloc_unlock
                0x08009644        0xc c:/myfile/project/clion/gcc-arm-none-eabi-10.3-2021.10-win32/gcc-arm-none-eabi-10.3-2021.10/bin/../lib/gcc/arm-none-eabi/10.3.1/../../../../arm-none-eabi/lib/thumb/v7e-m/nofp\libc.a(lib_a-mlock.o)
                0x08009644                __malloc_unlock
 .text.printf   0x08009650       0x28 c:/myfile/project/clion/gcc-arm-none-eabi-10.3-2021.10-win32/gcc-arm-none-eabi-10.3-2021.10/bin/../lib/gcc/arm-none-eabi/10.3.1/../../../../arm-none-eabi/lib/thumb/v7e-m/nofp\libc.a(lib_a-printf.o)
                0x08009650                printf
 .text.putchar  0x08009678       0x10 c:/myfile/project/clion/gcc-arm-none-eabi-10.3-2021.10-win32/gcc-arm-none-eabi-10.3-2021.10/bin/../lib/gcc/arm-none-eabi/10.3.1/../../../../arm-none-eabi/lib/thumb/v7e-m/nofp\libc.a(lib_a-putchar.o)
                0x08009678                putchar
 .text._puts_r  0x08009688       0x9c c:/myfile/project/clion/gcc-arm-none-eabi-10.3-2021.10-win32/gcc-arm-none-eabi-10.3-2021.10/bin/../lib/gcc/arm-none-eabi/10.3.1/../../../../arm-none-eabi/lib/thumb/v7e-m/nofp\libc.a(lib_a-puts.o)
                0x08009688                _puts_r
 .text.puts     0x08009724       0x10 c:/myfile/project/clion/gcc-arm-none-eabi-10.3-2021.10-win32/gcc-arm-none-eabi-10.3-2021.10/bin/../lib/gcc/arm-none-eabi/10.3.1/../../../../arm-none-eabi/lib/thumb/v7e-m/nofp\libc.a(lib_a-puts.o)
                0x08009724                puts
 .text._sbrk_r  0x08009734       0x24 c:/myfile/project/clion/gcc-arm-none-eabi-10.3-2021.10-win32/gcc-arm-none-eabi-10.3-2021.10/bin/../lib/gcc/arm-none-eabi/10.3.1/../../../../arm-none-eabi/lib/thumb/v7e-m/nofp\libc.a(lib_a-sbrkr.o)
                0x08009734                _sbrk_r
 .text._vfprintf_r
                0x08009758     0x1ad4 c:/myfile/project/clion/gcc-arm-none-eabi-10.3-2021.10-win32/gcc-arm-none-eabi-10.3-2021.10/bin/../lib/gcc/arm-none-eabi/10.3.1/../../../../arm-none-eabi/lib/thumb/v7e-m/nofp\libc.a(lib_a-vfprintf.o)
                0x08009758                _vfprintf_r
 .text.__sbprintf
                0x0800b22c       0x80 c:/myfile/project/clion/gcc-arm-none-eabi-10.3-2021.10-win32/gcc-arm-none-eabi-10.3-2021.10/bin/../lib/gcc/arm-none-eabi/10.3.1/../../../../arm-none-eabi/lib/thumb/v7e-m/nofp\libc.a(lib_a-vfprintf.o)
 .text.__swsetup_r
                0x0800b2ac       0xd4 c:/myfile/project/clion/gcc-arm-none-eabi-10.3-2021.10-win32/gcc-arm-none-eabi-10.3-2021.10/bin/../lib/gcc/arm-none-eabi/10.3.1/../../../../arm-none-eabi/lib/thumb/v7e-m/nofp\libc.a(lib_a-wsetup.o)
                0x0800b2ac                __swsetup_r
 .text.startup.register_fini
                0x0800b380       0x14 c:/myfile/project/clion/gcc-arm-none-eabi-10.3-2021.10-win32/gcc-arm-none-eabi-10.3-2021.10/bin/../lib/gcc/arm-none-eabi/10.3.1/../../../../arm-none-eabi/lib/thumb/v7e-m/nofp\libc.a(lib_a-__call_atexit.o)
 .text.atexit   0x0800b394        0xc c:/myfile/project/clion/gcc-arm-none-eabi-10.3-2021.10-win32/gcc-arm-none-eabi-10.3-2021.10/bin/../lib/gcc/arm-none-eabi/10.3.1/../../../../arm-none-eabi/lib/thumb/v7e-m/nofp\libc.a(lib_a-atexit.o)
                0x0800b394                atexit
 .text.quorem   0x0800b3a0      0x124 c:/myfile/project/clion/gcc-arm-none-eabi-10.3-2021.10-win32/gcc-arm-none-eabi-10.3-2021.10/bin/../lib/gcc/arm-none-eabi/10.3.1/../../../../arm-none-eabi/lib/thumb/v7e-m/nofp\libc.a(lib_a-dtoa.o)
 *fill*         0x0800b4c4        0x4 
 .text._dtoa_r  0x0800b4c8      0xec4 c:/myfile/project/clion/gcc-arm-none-eabi-10.3-2021.10-win32/gcc-arm-none-eabi-10.3-2021.10/bin/../lib/gcc/arm-none-eabi/10.3.1/../../../../arm-none-eabi/lib/thumb/v7e-m/nofp\libc.a(lib_a-dtoa.o)
                0x0800b4c8                _dtoa_r
 .text.__sflush_r
                0x0800c38c      0x120 c:/myfile/project/clion/gcc-arm-none-eabi-10.3-2021.10-win32/gcc-arm-none-eabi-10.3-2021.10/bin/../lib/gcc/arm-none-eabi/10.3.1/../../../../arm-none-eabi/lib/thumb/v7e-m/nofp\libc.a(lib_a-fflush.o)
                0x0800c38c                __sflush_r
 .text._fflush_r
                0x0800c4ac       0x5c c:/myfile/project/clion/gcc-arm-none-eabi-10.3-2021.10-win32/gcc-arm-none-eabi-10.3-2021.10/bin/../lib/gcc/arm-none-eabi/10.3.1/../../../../arm-none-eabi/lib/thumb/v7e-m/nofp\libc.a(lib_a-fflush.o)
                0x0800c4ac                _fflush_r
 .text._cleanup_r
                0x0800c508        0xc c:/myfile/project/clion/gcc-arm-none-eabi-10.3-2021.10-win32/gcc-arm-none-eabi-10.3-2021.10/bin/../lib/gcc/arm-none-eabi/10.3.1/../../../../arm-none-eabi/lib/thumb/v7e-m/nofp\libc.a(lib_a-findfp.o)
                0x0800c508                _cleanup_r
 .text.__sinit  0x0800c514      0x10c c:/myfile/project/clion/gcc-arm-none-eabi-10.3-2021.10-win32/gcc-arm-none-eabi-10.3-2021.10/bin/../lib/gcc/arm-none-eabi/10.3.1/../../../../arm-none-eabi/lib/thumb/v7e-m/nofp\libc.a(lib_a-findfp.o)
                0x0800c514                __sinit
 .text.__sfp_lock_acquire
                0x0800c620        0xc c:/myfile/project/clion/gcc-arm-none-eabi-10.3-2021.10-win32/gcc-arm-none-eabi-10.3-2021.10/bin/../lib/gcc/arm-none-eabi/10.3.1/../../../../arm-none-eabi/lib/thumb/v7e-m/nofp\libc.a(lib_a-findfp.o)
                0x0800c620                __sfp_lock_acquire
 .text.__sfp_lock_release
                0x0800c62c        0xc c:/myfile/project/clion/gcc-arm-none-eabi-10.3-2021.10-win32/gcc-arm-none-eabi-10.3-2021.10/bin/../lib/gcc/arm-none-eabi/10.3.1/../../../../arm-none-eabi/lib/thumb/v7e-m/nofp\libc.a(lib_a-findfp.o)
                0x0800c62c                __sfp_lock_release
 .text.__libc_fini_array
                0x0800c638       0x2c c:/myfile/project/clion/gcc-arm-none-eabi-10.3-2021.10-win32/gcc-arm-none-eabi-10.3-2021.10/bin/../lib/gcc/arm-none-eabi/10.3.1/../../../../arm-none-eabi/lib/thumb/v7e-m/nofp\libc.a(lib_a-fini.o)
                0x0800c638                __libc_fini_array
 .text._malloc_trim_r
                0x0800c664       0xa0 c:/myfile/project/clion/gcc-arm-none-eabi-10.3-2021.10-win32/gcc-arm-none-eabi-10.3-2021.10/bin/../lib/gcc/arm-none-eabi/10.3.1/../../../../arm-none-eabi/lib/thumb/v7e-m/nofp\libc.a(lib_a-freer.o)
                0x0800c664                _malloc_trim_r
 .text._free_r  0x0800c704      0x20c c:/myfile/project/clion/gcc-arm-none-eabi-10.3-2021.10-win32/gcc-arm-none-eabi-10.3-2021.10/bin/../lib/gcc/arm-none-eabi/10.3.1/../../../../arm-none-eabi/lib/thumb/v7e-m/nofp\libc.a(lib_a-freer.o)
                0x0800c704                _free_r
 .text.__sfvwrite_r
                0x0800c910      0x2e8 c:/myfile/project/clion/gcc-arm-none-eabi-10.3-2021.10-win32/gcc-arm-none-eabi-10.3-2021.10/bin/../lib/gcc/arm-none-eabi/10.3.1/../../../../arm-none-eabi/lib/thumb/v7e-m/nofp\libc.a(lib_a-fvwrite.o)
                0x0800c910                __sfvwrite_r
 .text._fwalk_reent
                0x0800cbf8       0x48 c:/myfile/project/clion/gcc-arm-none-eabi-10.3-2021.10-win32/gcc-arm-none-eabi-10.3-2021.10/bin/../lib/gcc/arm-none-eabi/10.3.1/../../../../arm-none-eabi/lib/thumb/v7e-m/nofp\libc.a(lib_a-fwalk.o)
                0x0800cbf8                _fwalk_reent
 .text._localeconv_r
                0x0800cc40        0x8 c:/myfile/project/clion/gcc-arm-none-eabi-10.3-2021.10-win32/gcc-arm-none-eabi-10.3-2021.10/bin/../lib/gcc/arm-none-eabi/10.3.1/../../../../arm-none-eabi/lib/thumb/v7e-m/nofp\libc.a(lib_a-localeconv.o)
                0x0800cc40                _localeconv_r
 .text.__retarget_lock_init_recursive
                0x0800cc48        0x4 c:/myfile/project/clion/gcc-arm-none-eabi-10.3-2021.10-win32/gcc-arm-none-eabi-10.3-2021.10/bin/../lib/gcc/arm-none-eabi/10.3.1/../../../../arm-none-eabi/lib/thumb/v7e-m/nofp\libc.a(lib_a-lock.o)
                0x0800cc48                __retarget_lock_init_recursive
 .text.__retarget_lock_close_recursive
                0x0800cc4c        0x4 c:/myfile/project/clion/gcc-arm-none-eabi-10.3-2021.10-win32/gcc-arm-none-eabi-10.3-2021.10/bin/../lib/gcc/arm-none-eabi/10.3.1/../../../../arm-none-eabi/lib/thumb/v7e-m/nofp\libc.a(lib_a-lock.o)
                0x0800cc4c                __retarget_lock_close_recursive
 .text.__retarget_lock_acquire_recursive
                0x0800cc50        0x4 c:/myfile/project/clion/gcc-arm-none-eabi-10.3-2021.10-win32/gcc-arm-none-eabi-10.3-2021.10/bin/../lib/gcc/arm-none-eabi/10.3.1/../../../../arm-none-eabi/lib/thumb/v7e-m/nofp\libc.a(lib_a-lock.o)
                0x0800cc50                __retarget_lock_acquire_recursive
 .text.__retarget_lock_release_recursive
                0x0800cc54        0x4 c:/myfile/project/clion/gcc-arm-none-eabi-10.3-2021.10-win32/gcc-arm-none-eabi-10.3-2021.10/bin/../lib/gcc/arm-none-eabi/10.3.1/../../../../arm-none-eabi/lib/thumb/v7e-m/nofp\libc.a(lib_a-lock.o)
                0x0800cc54                __retarget_lock_release_recursive
 .text.__smakebuf_r
                0x0800cc58       0xe0 c:/myfile/project/clion/gcc-arm-none-eabi-10.3-2021.10-win32/gcc-arm-none-eabi-10.3-2021.10/bin/../lib/gcc/arm-none-eabi/10.3.1/../../../../arm-none-eabi/lib/thumb/v7e-m/nofp\libc.a(lib_a-makebuf.o)
                0x0800cc58                __smakebuf_r
 .text.memmove  0x0800cd38       0xf8 c:/myfile/project/clion/gcc-arm-none-eabi-10.3-2021.10-win32/gcc-arm-none-eabi-10.3-2021.10/bin/../lib/gcc/arm-none-eabi/10.3.1/../../../../arm-none-eabi/lib/thumb/v7e-m/nofp\libc.a(lib_a-memmove.o)
                0x0800cd38                memmove
 .text._Balloc  0x0800ce30       0x4c c:/myfile/project/clion/gcc-arm-none-eabi-10.3-2021.10-win32/gcc-arm-none-eabi-10.3-2021.10/bin/../lib/gcc/arm-none-eabi/10.3.1/../../../../arm-none-eabi/lib/thumb/v7e-m/nofp\libc.a(lib_a-mprec.o)
                0x0800ce30                _Balloc
 .text._Bfree   0x0800ce7c       0x14 c:/myfile/project/clion/gcc-arm-none-eabi-10.3-2021.10-win32/gcc-arm-none-eabi-10.3-2021.10/bin/../lib/gcc/arm-none-eabi/10.3.1/../../../../arm-none-eabi/lib/thumb/v7e-m/nofp\libc.a(lib_a-mprec.o)
                0x0800ce7c                _Bfree
 .text.__multadd
                0x0800ce90       0xa0 c:/myfile/project/clion/gcc-arm-none-eabi-10.3-2021.10-win32/gcc-arm-none-eabi-10.3-2021.10/bin/../lib/gcc/arm-none-eabi/10.3.1/../../../../arm-none-eabi/lib/thumb/v7e-m/nofp\libc.a(lib_a-mprec.o)
                0x0800ce90                __multadd
 .text.__hi0bits
                0x0800cf30       0x40 c:/myfile/project/clion/gcc-arm-none-eabi-10.3-2021.10-win32/gcc-arm-none-eabi-10.3-2021.10/bin/../lib/gcc/arm-none-eabi/10.3.1/../../../../arm-none-eabi/lib/thumb/v7e-m/nofp\libc.a(lib_a-mprec.o)
                0x0800cf30                __hi0bits
 .text.__lo0bits
                0x0800cf70       0x5c c:/myfile/project/clion/gcc-arm-none-eabi-10.3-2021.10-win32/gcc-arm-none-eabi-10.3-2021.10/bin/../lib/gcc/arm-none-eabi/10.3.1/../../../../arm-none-eabi/lib/thumb/v7e-m/nofp\libc.a(lib_a-mprec.o)
                0x0800cf70                __lo0bits
 .text.__i2b    0x0800cfcc       0x5c c:/myfile/project/clion/gcc-arm-none-eabi-10.3-2021.10-win32/gcc-arm-none-eabi-10.3-2021.10/bin/../lib/gcc/arm-none-eabi/10.3.1/../../../../arm-none-eabi/lib/thumb/v7e-m/nofp\libc.a(lib_a-mprec.o)
                0x0800cfcc                __i2b
 .text.__multiply
                0x0800d028      0x15c c:/myfile/project/clion/gcc-arm-none-eabi-10.3-2021.10-win32/gcc-arm-none-eabi-10.3-2021.10/bin/../lib/gcc/arm-none-eabi/10.3.1/../../../../arm-none-eabi/lib/thumb/v7e-m/nofp\libc.a(lib_a-mprec.o)
                0x0800d028                __multiply
 .text.__pow5mult
                0x0800d184       0xc0 c:/myfile/project/clion/gcc-arm-none-eabi-10.3-2021.10-win32/gcc-arm-none-eabi-10.3-2021.10/bin/../lib/gcc/arm-none-eabi/10.3.1/../../../../arm-none-eabi/lib/thumb/v7e-m/nofp\libc.a(lib_a-mprec.o)
                0x0800d184                __pow5mult
 .text.__lshift
                0x0800d244       0xf0 c:/myfile/project/clion/gcc-arm-none-eabi-10.3-2021.10-win32/gcc-arm-none-eabi-10.3-2021.10/bin/../lib/gcc/arm-none-eabi/10.3.1/../../../../arm-none-eabi/lib/thumb/v7e-m/nofp\libc.a(lib_a-mprec.o)
                0x0800d244                __lshift
 .text.__mcmp   0x0800d334       0x40 c:/myfile/project/clion/gcc-arm-none-eabi-10.3-2021.10-win32/gcc-arm-none-eabi-10.3-2021.10/bin/../lib/gcc/arm-none-eabi/10.3.1/../../../../arm-none-eabi/lib/thumb/v7e-m/nofp\libc.a(lib_a-mprec.o)
                0x0800d334                __mcmp
 .text.__mdiff  0x0800d374      0x14c c:/myfile/project/clion/gcc-arm-none-eabi-10.3-2021.10-win32/gcc-arm-none-eabi-10.3-2021.10/bin/../lib/gcc/arm-none-eabi/10.3.1/../../../../arm-none-eabi/lib/thumb/v7e-m/nofp\libc.a(lib_a-mprec.o)
                0x0800d374                __mdiff
 .text.__d2b    0x0800d4c0       0xc4 c:/myfile/project/clion/gcc-arm-none-eabi-10.3-2021.10-win32/gcc-arm-none-eabi-10.3-2021.10/bin/../lib/gcc/arm-none-eabi/10.3.1/../../../../arm-none-eabi/lib/thumb/v7e-m/nofp\libc.a(lib_a-mprec.o)
                0x0800d4c0                __d2b
 .text._putc_r  0x0800d584       0x74 c:/myfile/project/clion/gcc-arm-none-eabi-10.3-2021.10-win32/gcc-arm-none-eabi-10.3-2021.10/bin/../lib/gcc/arm-none-eabi/10.3.1/../../../../arm-none-eabi/lib/thumb/v7e-m/nofp\libc.a(lib_a-putc.o)
                0x0800d584                _putc_r
 .text._realloc_r
                0x0800d5f8      0x3d8 c:/myfile/project/clion/gcc-arm-none-eabi-10.3-2021.10-win32/gcc-arm-none-eabi-10.3-2021.10/bin/../lib/gcc/arm-none-eabi/10.3.1/../../../../arm-none-eabi/lib/thumb/v7e-m/nofp\libc.a(lib_a-reallocr.o)
                0x0800d5f8                _realloc_r
 .text.frexp    0x0800d9d0       0x70 c:/myfile/project/clion/gcc-arm-none-eabi-10.3-2021.10-win32/gcc-arm-none-eabi-10.3-2021.10/bin/../lib/gcc/arm-none-eabi/10.3.1/../../../../arm-none-eabi/lib/thumb/v7e-m/nofp\libc.a(lib_a-s_frexp.o)
                0x0800d9d0                frexp
 .text.__sread  0x0800da40       0x24 c:/myfile/project/clion/gcc-arm-none-eabi-10.3-2021.10-win32/gcc-arm-none-eabi-10.3-2021.10/bin/../lib/gcc/arm-none-eabi/10.3.1/../../../../arm-none-eabi/lib/thumb/v7e-m/nofp\libc.a(lib_a-stdio.o)
                0x0800da40                __sread
 .text.__swrite
                0x0800da64       0x40 c:/myfile/project/clion/gcc-arm-none-eabi-10.3-2021.10-win32/gcc-arm-none-eabi-10.3-2021.10/bin/../lib/gcc/arm-none-eabi/10.3.1/../../../../arm-none-eabi/lib/thumb/v7e-m/nofp\libc.a(lib_a-stdio.o)
                0x0800da64                __swrite
 .text.__sseek  0x0800daa4       0x20 c:/myfile/project/clion/gcc-arm-none-eabi-10.3-2021.10-win32/gcc-arm-none-eabi-10.3-2021.10/bin/../lib/gcc/arm-none-eabi/10.3.1/../../../../arm-none-eabi/lib/thumb/v7e-m/nofp\libc.a(lib_a-stdio.o)
                0x0800daa4                __sseek
 .text.__sclose
                0x0800dac4        0x8 c:/myfile/project/clion/gcc-arm-none-eabi-10.3-2021.10-win32/gcc-arm-none-eabi-10.3-2021.10/bin/../lib/gcc/arm-none-eabi/10.3.1/../../../../arm-none-eabi/lib/thumb/v7e-m/nofp\libc.a(lib_a-stdio.o)
                0x0800dac4                __sclose
 .text.strncpy  0x0800dacc       0x64 c:/myfile/project/clion/gcc-arm-none-eabi-10.3-2021.10-win32/gcc-arm-none-eabi-10.3-2021.10/bin/../lib/gcc/arm-none-eabi/10.3.1/../../../../arm-none-eabi/lib/thumb/v7e-m/nofp\libc.a(lib_a-strncpy.o)
                0x0800dacc                strncpy
 .text.__sprint_r.part.0
                0x0800db30       0x78 c:/myfile/project/clion/gcc-arm-none-eabi-10.3-2021.10-win32/gcc-arm-none-eabi-10.3-2021.10/bin/../lib/gcc/arm-none-eabi/10.3.1/../../../../arm-none-eabi/lib/thumb/v7e-m/nofp\libc.a(lib_a-vfiprintf.o)
 .text.__sprint_r
                0x0800dba8       0x14 c:/myfile/project/clion/gcc-arm-none-eabi-10.3-2021.10-win32/gcc-arm-none-eabi-10.3-2021.10/bin/../lib/gcc/arm-none-eabi/10.3.1/../../../../arm-none-eabi/lib/thumb/v7e-m/nofp\libc.a(lib_a-vfiprintf.o)
                0x0800dba8                __sprint_r
 .text._vfiprintf_r
                0x0800dbbc      0xda0 c:/myfile/project/clion/gcc-arm-none-eabi-10.3-2021.10-win32/gcc-arm-none-eabi-10.3-2021.10/bin/../lib/gcc/arm-none-eabi/10.3.1/../../../../arm-none-eabi/lib/thumb/v7e-m/nofp\libc.a(lib_a-vfiprintf.o)
                0x0800dbbc                _vfiprintf_r
 .text.__sbprintf
                0x0800e95c       0x80 c:/myfile/project/clion/gcc-arm-none-eabi-10.3-2021.10-win32/gcc-arm-none-eabi-10.3-2021.10/bin/../lib/gcc/arm-none-eabi/10.3.1/../../../../arm-none-eabi/lib/thumb/v7e-m/nofp\libc.a(lib_a-vfiprintf.o)
 .text.__swbuf_r
                0x0800e9dc       0xb0 c:/myfile/project/clion/gcc-arm-none-eabi-10.3-2021.10-win32/gcc-arm-none-eabi-10.3-2021.10/bin/../lib/gcc/arm-none-eabi/10.3.1/../../../../arm-none-eabi/lib/thumb/v7e-m/nofp\libc.a(lib_a-wbuf.o)
                0x0800e9dc                __swbuf_r
 .text._write_r
                0x0800ea8c       0x2c c:/myfile/project/clion/gcc-arm-none-eabi-10.3-2021.10-win32/gcc-arm-none-eabi-10.3-2021.10/bin/../lib/gcc/arm-none-eabi/10.3.1/../../../../arm-none-eabi/lib/thumb/v7e-m/nofp\libc.a(lib_a-writer.o)
                0x0800ea8c                _write_r
 .text.__register_exitproc
                0x0800eab8       0x8c c:/myfile/project/clion/gcc-arm-none-eabi-10.3-2021.10-win32/gcc-arm-none-eabi-10.3-2021.10/bin/../lib/gcc/arm-none-eabi/10.3.1/../../../../arm-none-eabi/lib/thumb/v7e-m/nofp\libc.a(lib_a-__atexit.o)
                0x0800eab8                __register_exitproc
 .text.__assert_func
                0x0800eb44       0x40 c:/myfile/project/clion/gcc-arm-none-eabi-10.3-2021.10-win32/gcc-arm-none-eabi-10.3-2021.10/bin/../lib/gcc/arm-none-eabi/10.3.1/../../../../arm-none-eabi/lib/thumb/v7e-m/nofp\libc.a(lib_a-assert.o)
                0x0800eb44                __assert_func
 .text._calloc_r
                0x0800eb84       0x78 c:/myfile/project/clion/gcc-arm-none-eabi-10.3-2021.10-win32/gcc-arm-none-eabi-10.3-2021.10/bin/../lib/gcc/arm-none-eabi/10.3.1/../../../../arm-none-eabi/lib/thumb/v7e-m/nofp\libc.a(lib_a-callocr.o)
                0x0800eb84                _calloc_r
 .text._close_r
                0x0800ebfc       0x24 c:/myfile/project/clion/gcc-arm-none-eabi-10.3-2021.10-win32/gcc-arm-none-eabi-10.3-2021.10/bin/../lib/gcc/arm-none-eabi/10.3.1/../../../../arm-none-eabi/lib/thumb/v7e-m/nofp\libc.a(lib_a-closer.o)
                0x0800ebfc                _close_r
 .text._fclose_r
                0x0800ec20       0xcc c:/myfile/project/clion/gcc-arm-none-eabi-10.3-2021.10-win32/gcc-arm-none-eabi-10.3-2021.10/bin/../lib/gcc/arm-none-eabi/10.3.1/../../../../arm-none-eabi/lib/thumb/v7e-m/nofp\libc.a(lib_a-fclose.o)
                0x0800ec20                _fclose_r
 .text.fiprintf
                0x0800ecec       0x28 c:/myfile/project/clion/gcc-arm-none-eabi-10.3-2021.10-win32/gcc-arm-none-eabi-10.3-2021.10/bin/../lib/gcc/arm-none-eabi/10.3.1/../../../../arm-none-eabi/lib/thumb/v7e-m/nofp\libc.a(lib_a-fiprintf.o)
                0x0800ecec                fiprintf
 .text.__fputwc
                0x0800ed14       0xa8 c:/myfile/project/clion/gcc-arm-none-eabi-10.3-2021.10-win32/gcc-arm-none-eabi-10.3-2021.10/bin/../lib/gcc/arm-none-eabi/10.3.1/../../../../arm-none-eabi/lib/thumb/v7e-m/nofp\libc.a(lib_a-fputwc.o)
                0x0800ed14                __fputwc
 .text._fputwc_r
                0x0800edbc       0x68 c:/myfile/project/clion/gcc-arm-none-eabi-10.3-2021.10-win32/gcc-arm-none-eabi-10.3-2021.10/bin/../lib/gcc/arm-none-eabi/10.3.1/../../../../arm-none-eabi/lib/thumb/v7e-m/nofp\libc.a(lib_a-fputwc.o)
                0x0800edbc                _fputwc_r
 .text._fstat_r
                0x0800ee24       0x2c c:/myfile/project/clion/gcc-arm-none-eabi-10.3-2021.10-win32/gcc-arm-none-eabi-10.3-2021.10/bin/../lib/gcc/arm-none-eabi/10.3.1/../../../../arm-none-eabi/lib/thumb/v7e-m/nofp\libc.a(lib_a-fstatr.o)
                0x0800ee24                _fstat_r
 .text._isatty_r
                0x0800ee50       0x24 c:/myfile/project/clion/gcc-arm-none-eabi-10.3-2021.10-win32/gcc-arm-none-eabi-10.3-2021.10/bin/../lib/gcc/arm-none-eabi/10.3.1/../../../../arm-none-eabi/lib/thumb/v7e-m/nofp\libc.a(lib_a-isattyr.o)
                0x0800ee50                _isatty_r
 .text.__locale_mb_cur_max
                0x0800ee74        0xc c:/myfile/project/clion/gcc-arm-none-eabi-10.3-2021.10-win32/gcc-arm-none-eabi-10.3-2021.10/bin/../lib/gcc/arm-none-eabi/10.3.1/../../../../arm-none-eabi/lib/thumb/v7e-m/nofp\libc.a(lib_a-locale.o)
                0x0800ee74                __locale_mb_cur_max
 .text._lseek_r
                0x0800ee80       0x2c c:/myfile/project/clion/gcc-arm-none-eabi-10.3-2021.10-win32/gcc-arm-none-eabi-10.3-2021.10/bin/../lib/gcc/arm-none-eabi/10.3.1/../../../../arm-none-eabi/lib/thumb/v7e-m/nofp\libc.a(lib_a-lseekr.o)
                0x0800ee80                _lseek_r
 .text.__ascii_mbtowc
                0x0800eeac       0x2c c:/myfile/project/clion/gcc-arm-none-eabi-10.3-2021.10-win32/gcc-arm-none-eabi-10.3-2021.10/bin/../lib/gcc/arm-none-eabi/10.3.1/../../../../arm-none-eabi/lib/thumb/v7e-m/nofp\libc.a(lib_a-mbtowc_r.o)
                0x0800eeac                __ascii_mbtowc
 .text._read_r  0x0800eed8       0x2c c:/myfile/project/clion/gcc-arm-none-eabi-10.3-2021.10-win32/gcc-arm-none-eabi-10.3-2021.10/bin/../lib/gcc/arm-none-eabi/10.3.1/../../../../arm-none-eabi/lib/thumb/v7e-m/nofp\libc.a(lib_a-readr.o)
                0x0800eed8                _read_r
 .text._wcrtomb_r
                0x0800ef04       0x3c c:/myfile/project/clion/gcc-arm-none-eabi-10.3-2021.10-win32/gcc-arm-none-eabi-10.3-2021.10/bin/../lib/gcc/arm-none-eabi/10.3.1/../../../../arm-none-eabi/lib/thumb/v7e-m/nofp\libc.a(lib_a-wcrtomb.o)
                0x0800ef04                _wcrtomb_r
 .text.__ascii_wctomb
                0x0800ef40       0x1c c:/myfile/project/clion/gcc-arm-none-eabi-10.3-2021.10-win32/gcc-arm-none-eabi-10.3-2021.10/bin/../lib/gcc/arm-none-eabi/10.3.1/../../../../arm-none-eabi/lib/thumb/v7e-m/nofp\libc.a(lib_a-wctomb_r.o)
                0x0800ef40                __ascii_wctomb
 .text.abort    0x0800ef5c       0x10 c:/myfile/project/clion/gcc-arm-none-eabi-10.3-2021.10-win32/gcc-arm-none-eabi-10.3-2021.10/bin/../lib/gcc/arm-none-eabi/10.3.1/../../../../arm-none-eabi/lib/thumb/v7e-m/nofp\libc.a(lib_a-abort.o)
                0x0800ef5c                abort
 .text.raise    0x0800ef6c       0x5c c:/myfile/project/clion/gcc-arm-none-eabi-10.3-2021.10-win32/gcc-arm-none-eabi-10.3-2021.10/bin/../lib/gcc/arm-none-eabi/10.3.1/../../../../arm-none-eabi/lib/thumb/v7e-m/nofp\libc.a(lib_a-signal.o)
                0x0800ef6c                raise
 .text._kill_r  0x0800efc8       0x2c c:/myfile/project/clion/gcc-arm-none-eabi-10.3-2021.10-win32/gcc-arm-none-eabi-10.3-2021.10/bin/../lib/gcc/arm-none-eabi/10.3.1/../../../../arm-none-eabi/lib/thumb/v7e-m/nofp\libc.a(lib_a-signalr.o)
                0x0800efc8                _kill_r
 .text._getpid_r
                0x0800eff4        0x4 c:/myfile/project/clion/gcc-arm-none-eabi-10.3-2021.10-win32/gcc-arm-none-eabi-10.3-2021.10/bin/../lib/gcc/arm-none-eabi/10.3.1/../../../../arm-none-eabi/lib/thumb/v7e-m/nofp\libc.a(lib_a-signalr.o)
                0x0800eff4                _getpid_r
 *(.glue_7)
 .glue_7        0x0800eff8        0x0 linker stubs
 *(.glue_7t)
 .glue_7t       0x0800eff8        0x0 linker stubs
 *(.eh_frame)
 .eh_frame      0x0800eff8        0x0 c:/myfile/project/clion/gcc-arm-none-eabi-10.3-2021.10-win32/gcc-arm-none-eabi-10.3-2021.10/bin/../lib/gcc/arm-none-eabi/10.3.1/thumb/v7e-m/nofp/crtbegin.o
 *(.init)
 .init          0x0800eff8        0x4 c:/myfile/project/clion/gcc-arm-none-eabi-10.3-2021.10-win32/gcc-arm-none-eabi-10.3-2021.10/bin/../lib/gcc/arm-none-eabi/10.3.1/thumb/v7e-m/nofp/crti.o
                0x0800eff8                _init
 .init          0x0800effc        0x8 c:/myfile/project/clion/gcc-arm-none-eabi-10.3-2021.10-win32/gcc-arm-none-eabi-10.3-2021.10/bin/../lib/gcc/arm-none-eabi/10.3.1/thumb/v7e-m/nofp/crtn.o
 *(.fini)
 .fini          0x0800f004        0x4 c:/myfile/project/clion/gcc-arm-none-eabi-10.3-2021.10-win32/gcc-arm-none-eabi-10.3-2021.10/bin/../lib/gcc/arm-none-eabi/10.3.1/thumb/v7e-m/nofp/crti.o
                0x0800f004                _fini
 .fini          0x0800f008        0x8 c:/myfile/project/clion/gcc-arm-none-eabi-10.3-2021.10-win32/gcc-arm-none-eabi-10.3-2021.10/bin/../lib/gcc/arm-none-eabi/10.3.1/thumb/v7e-m/nofp/crtn.o
                0x0800f010                . = ALIGN (0x4)
                0x0800f010                _etext = .

.vfp11_veneer   0x0800f010        0x0